ESP-ROM:esp32s3-20210327
Build:Mar 27 2021
rst:0x1 (POWERON),boot:0x8 (SPI_FAST_FLASH_BOOT)
SPIWP:0xee
mode:DIO, clock div:1
load:0x3fce2810,len:0x1564
load:0x403c8700,len:0x4
load:0x403c8704,len:0xd24
load:0x403cb700,len:0x2ed4
entry 0x403c8928
[0;32mI (27) boot: ESP-IDF v5.4.3 2nd stage bootloader[0m
[0;32mI (27) boot: compile time Apr 29 2026 14:08:12[0m
[0;32mI (27) boot: Multicore bootloader[0m
[0;32mI (27) boot: chip revision: v0.2[0m
[0;32mI (30) boot: efuse block revision: v1.3[0m
[0;32mI (33) boot.esp32s3: Boot SPI Speed : 80MHz[0m
[0;32mI (37) boot.esp32s3: SPI Mode       : DIO[0m
[0;32mI (41) boot.esp32s3: SPI Flash Size : 2MB[0m
[0;32mI (45) boot: Enabling RNG early entropy source...[0m
[0;32mI (49) boot: Partition Table:[0m
[0;32mI (52) boot: ## Label            Usage          Type ST Offset   Length[0m
[0;32mI (58) boot:  0 nvs              WiFi data        01 02 00009000 00006000[0m
[0;32mI (65) boot:  1 phy_init         RF data          01 01 0000f000 00001000[0m
[0;32mI (71) boot:  2 factory          factory app      00 00 00010000 00100000[0m
[0;32mI (78) boot: End of partition table[0m
[0;32mI (81) esp_image: segment 0: paddr=00010020 vaddr=3c060020 size=14b4ch ( 84812) map[0m
[0;32mI (103) esp_image: segment 1: paddr=00024b74 vaddr=3fc99600 size=03f84h ( 16260) load[0m
[0;32mI (107) esp_image: segment 2: paddr=00028b00 vaddr=40374000 size=07518h ( 29976) load[0m
[0;32mI (114) esp_image: segment 3: paddr=00030020 vaddr=42000020 size=52118h (336152) map[0m
[0;32mI (174) esp_image: segment 4: paddr=00082140 vaddr=4037b518 size=0e090h ( 57488) load[0m
[0;32mI (187) esp_image: segment 5: paddr=000901d8 vaddr=50000000 size=0001ch (    28) load[0m
[0;32mI (195) boot: Loaded app from partition at offset 0x10000[0m
[0;32mI (195) boot: Disabling RNG early entropy source...[0m
[0;32mI (205) cpu_start: Multicore app[0m
[0;32mI (215) cpu_start: Pro cpu start user code[0m
[0;32mI (215) cpu_start: cpu freq: 160000000 Hz[0m
[0;32mI (215) app_init: Application information:[0m
[0;32mI (215) app_init: Project name:     esp32_dev_template[0m
[0;32mI (220) app_init: App version:      ce40700[0m
[0;32mI (223) app_init: Compile time:     Apr 29 2026 14:39:56[0m
[0;32mI (228) app_init: ELF file SHA256:  b972dcfe1...[0m
[0;32mI (233) app_init: ESP-IDF:          v5.4.3[0m
[0;32mI (237) efuse_init: Min chip rev:     v0.0[0m
[0;32mI (240) efuse_init: Max chip rev:     v0.99 [0m
[0;32mI (244) efuse_init: Chip rev:         v0.2[0m
[0;32mI (248) heap_init: Initializing. RAM available for dynamic allocation:[0m
[0;32mI (255) heap_init: At 3FC9FA40 len 00049CD0 (295 KiB): RAM[0m
[0;32mI (260) heap_init: At 3FCE9710 len 00005724 (21 KiB): RAM[0m
[0;32mI (265) heap_init: At 3FCF0000 len 00008000 (32 KiB): DRAM[0m
[0;32mI (270) heap_init: At 600FE000 len 00001FE8 (7 KiB): RTCRAM[0m
[0;32mI (276) spi_flash: detected chip: boya[0m
[0;32mI (279) spi_flash: flash io: dio[0m
[0;33mW (282) spi_flash: Detected size(16384k) larger than the size in the binary image header(2048k). Using the size in the binary image header.[0m
[0;32mI (294) sleep_gpio: Configure to isolate all GPIO pins in sleep state[0m
[0;32mI (300) sleep_gpio: Enable automatic switching of GPIO sleep configuration[0m
[0;32mI (307) coexist: coex firmware version: b0bcc39[0m
[0;32mI (326) coexist: coexist rom version e7ae62f[0m
[0;32mI (326) main_task: Started on CPU0[0m
[0;32mI (336) main_task: Calling app_main()[0m
ESP32 Starter Project
Guru Meditation Error: Core  0 panic'ed (LoadProhibited). Exception was unhandled.

Core  0 register dump:
PC      : 0x4200c874  PS      : 0x00060e30  A0      : 0x8200c89e  A1      : 0x3fca3550  
A2      : 0x00000001  A3      : 0x3fca49e8  A4      : 0x00000000  A5      : 0x00000006  
A6      : 0x00000000  A7      : 0x3fca4964  A8      : 0x00000000  A9      : 0x3fca3510  
A10     : 0x3fc9dd5c  A11     : 0x00000001  A12     : 0x00000006  A13     : 0x00000000  
A14     : 0x3fca4b98  A15     : 0x3fca34e0  SAR     : 0x0000001e  EXCCAUSE: 0x0000001c  
EXCVADDR: 0x00000044  LBEG    : 0x400570e8  LEND    : 0x400570f3  LCOUNT  : 0x00000000  


Backtrace: 0x4200c871:0x3fca3550 0x4200c89b:0x3fca3570 0x42014187:0x3fca3590 0x4200c30b:0x3fca35b0 0x4200b72d:0x3fca35d0 0x4200b64d:0x3fca3600 0x42051563:0x3fca3620 0x403813c1:0x3fca3650




ELF file SHA256: b972dcfe1

Rebooting...
ESP-ROM:esp32s3-20210327
Build:Mar 27 2021
rst:0xc (RTC_SW_CPU_RST),boot:0x8 (SPI_FAST_FLASH_BOOT)
Saved PC:0x40375b2c
SPIWP:0xee
mode:DIO, clock div:1
load:0x3fce2810,len:0x1564
load:0x403c8700,len:0x4
load:0x403c8704,len:0xd24
load:0x403cb700,len:0x2ed4
entry 0x403c8928
[0;32mI (31) boot: ESP-IDF v5.4.3 2nd stage bootloader[0m
[0;32mI (31) boot: compile time Apr 29 2026 14:08:12[0m
[0;32mI (31) boot: Multicore bootloader[0m
[0;32mI (31) boot: chip revision: v0.2[0m
[0;32mI (34) boot: efuse block revision: v1.3[0m
[0;32mI (38) boot.esp32s3: Boot SPI Speed : 80MHz[0m
[0;32mI (42) boot.esp32s3: SPI Mode       : DIO[0m
[0;32mI (45) boot.esp32s3: SPI Flash Size : 2MB[0m
[0;32mI (49) boot: Enabling RNG early entropy source...[0m
[0;32mI (54) boot: Partition Table:[0m
[0;32mI (56) boot: ## Label            Usage          Type ST Offset   Length[0m
[0;32mI (63) boot:  0 nvs              WiFi data        01 02 00009000 00006000[0m
[0;32mI (69) boot:  1 phy_init         RF data          01 01 0000f000 00001000[0m
[0;32mI (76) boot:  2 factory          factory app      00 00 00010000 00100000[0m
[0;32mI (82) boot: End of partition table[0m
[0;32mI (85) esp_image: segment 0: paddr=00010020 vaddr=3c060020 size=14b4ch ( 84812) map[0m
[0;32mI (108) esp_image: segment 1: paddr=00024b74 vaddr=3fc99600 size=03f84h ( 16260) load[0m
[0;32mI (111) esp_image: segment 2: paddr=00028b00 vaddr=40374000 size=07518h ( 29976) load[0m
[0;32mI (118) esp_image: segment 3: paddr=00030020 vaddr=42000020 size=52118h (336152) map[0m
[0;32mI (178) esp_image: segment 4: paddr=00082140 vaddr=4037b518 size=0e090h ( 57488) load[0m
[0;32mI (191) esp_image: segment 5: paddr=000901d8 vaddr=50000000 size=0001ch (    28) load[0m
[0;32mI (200) boot: Loaded app from partition at offset 0x10000[0m
[0;32mI (200) boot: Disabling RNG early entropy source...[0m
[0;32mI (210) cpu_start: Multicore app[0m
[0;32mI (219) cpu_start: Pro cpu start user code[0m
[0;32mI (219) cpu_start: cpu freq: 160000000 Hz[0m
[0;32mI (219) app_init: Application information:[0m
[0;32mI (219) app_init: Project name:     esp32_dev_template[0m
[0;32mI (224) app_init: App version:      ce40700[0m
[0;32mI (228) app_init: Compile time:     Apr 29 2026 14:39:56[0m
[0;32mI (233) app_init: ELF file SHA256:  b972dcfe1...[0m
[0;32mI (237) app_init: ESP-IDF:          v5.4.3[0m
[0;32mI (241) efuse_init: Min chip rev:     v0.0[0m
[0;32mI (245) efuse_init: Max chip rev:     v0.99 [0m
[0;32mI (249) efuse_init: Chip rev:         v0.2[0m
[0;32mI (253) heap_init: Initializing. RAM available for dynamic allocation:[0m
[0;32mI (259) heap_init: At 3FC9FA40 len 00049CD0 (295 KiB): RAM[0m
[0;32mI (264) heap_init: At 3FCE9710 len 00005724 (21 KiB): RAM[0m
[0;32mI (269) heap_init: At 3FCF0000 len 00008000 (32 KiB): DRAM[0m
[0;32mI (274) heap_init: At 600FE000 len 00001FE8 (7 KiB): RTCRAM[0m
[0;32mI (281) spi_flash: detected chip: boya[0m
[0;32mI (283) spi_flash: flash io: dio[0m
[0;33mW (286) spi_flash: Detected size(16384k) larger than the size in the binary image header(2048k). Using the size in the binary image header.[0m
[0;32mI (299) sleep_gpio: Configure to isolate all GPIO pins in sleep state[0m
[0;32mI (305) sleep_gpio: Enable automatic switching of GPIO sleep configuration[0m
[0;32mI (311) coexist: coex firmware version: b0bcc39[0m
[0;32mI (330) coexist: coexist rom version e7ae62f[0m
[0;32mI (331) main_task: Started on CPU0[0m
[0;32mI (341) main_task: Calling app_main()[0m
ESP32 Starter Project
Guru Meditation Error: Core  0 panic'ed (LoadProhibited). Exception was unhandled.

Core  0 register dump:
PC      : 0x4200c874  PS      : 0x00060e30  A0      : 0x8200c89e  A1      : 0x3fca3550  
A2      : 0x00000001  A3      : 0x3fca49e8  A4      : 0x00000000  A5      : 0x00000006  
A6      : 0x00000000  A7      : 0x3fca4964  A8      : 0x00000000  A9      : 0x3fca3510  
A10     : 0x3fc9dd5c  A11     : 0x00000001  A12     : 0x00000006  A13     : 0x00000000  
A14     : 0x3fca4b98  A15     : 0x3fca34e0  SAR     : 0x0000001e  EXCCAUSE: 0x0000001c  
EXCVADDR: 0x00000044  LBEG    : 0x400570e8  LEND    : 0x400570f3  LCOUNT  : 0x00000000  


Backtrace: 0x4200c871:0x3fca3550 0x4200c89b:0x3fca3570 0x42014187:0x3fca3590 0x4200c30b:0x3fca35b0 0x4200b72d:0x3fca35d0 0x4200b64d:0x3fca3600 0x42051563:0x3fca3620 0x403813c1:0x3fca3650




ELF file SHA256: b972dcfe1

Rebooting...
ESP-ROM:esp32s3-20210327
Build:Mar 27 2021
rst:0xc (RTC_SW_CPU_RST),boot:0x8 (SPI_FAST_FLASH_BOOT)
Saved PC:0x40375b2c
SPIWP:0xee
mode:DIO, clock div:1
load:0x3fce2810,len:0x1564
load:0x403c8700,len:0x4
load:0x403c8704,len:0xd24
load:0x403cb700,len:0x2ed4
entry 0x403c8928
[0;32mI (31) boot: ESP-IDF v5.4.3 2nd stage bootloader[0m
[0;32mI (31) boot: compile time Apr 29 2026 14:08:12[0m
[0;32mI (31) boot: Multicore bootloader[0m
[0;32mI (31) boot: chip revision: v0.2[0m
[0;32mI (34) boot: efuse block revision: v1.3[0m
[0;32mI (38) boot.esp32s3: Boot SPI Speed : 80MHz[0m
[0;32mI (42) boot.esp32s3: SPI Mode       : DIO[0m
[0;32mI (45) boot.esp32s3: SPI Flash Size : 2MB[0m
[0;32mI (49) boot: Enabling RNG early entropy source...[0m
[0;32mI (54) boot: Partition Table:[0m
[0;32mI (56) boot: ## Label            Usage          Type ST Offset   Length[0m
[0;32mI (63) boot:  0 nvs              WiFi data        01 02 00009000 00006000[0m
[0;32mI (69) boot:  1 phy_init         RF data          01 01 0000f000 00001000[0m
[0;32mI (76) boot:  2 factory          factory app      00 00 00010000 00100000[0m
[0;32mI (82) boot: End of partition table[0m
[0;32mI (85) esp_image: segment 0: paddr=00010020 vaddr=3c060020 size=14b4ch ( 84812) map[0m
[0;32mI (108) esp_image: segment 1: paddr=00024b74 vaddr=3fc99600 size=03f84h ( 16260) load[0m
[0;32mI (111) esp_image: segment 2: paddr=00028b00 vaddr=40374000 size=07518h ( 29976) load[0m
[0;32mI (118) esp_image: segment 3: paddr=00030020 vaddr=42000020 size=52118h (336152) map[0m
[0;32mI (178) esp_image: segment 4: paddr=00082140 vaddr=4037b518 size=0e090h ( 57488) load[0m
[0;32mI (191) esp_image: segment 5: paddr=000901d8 vaddr=50000000 size=0001ch (    28) load[0m
[0;32mI (200) boot: Loaded app from partition at offset 0x10000[0m
[0;32mI (200) boot: Disabling RNG early entropy source...[0m
[0;32mI (210) cpu_start: Multicore app[0m
[0;32mI (219) cpu_start: Pro cpu start user code[0m
[0;32mI (219) cpu_start: cpu freq: 160000000 Hz[0m
[0;32mI (219) app_init: Application information:[0m
[0;32mI (219) app_init: Project name:     esp32_dev_template[0m
[0;32mI (224) app_init: App version:      ce40700[0m
[0;32mI (228) app_init: Compile time:     Apr 29 2026 14:39:56[0m
[0;32mI (233) app_init: ELF file SHA256:  b972dcfe1...[0m
[0;32mI (237) app_init: ESP-IDF:          v5.4.3[0m
[0;32mI (241) efuse_init: Min chip rev:     v0.0[0m
[0;32mI (245) efuse_init: Max chip rev:     v0.99 [0m
[0;32mI (249) efuse_init: Chip rev:         v0.2[0m
[0;32mI (253) heap_init: Initializing. RAM available for dynamic allocation:[0m
[0;32mI (259) heap_init: At 3FC9FA40 len 00049CD0 (295 KiB): RAM[0m
[0;32mI (264) heap_init: At 3FCE9710 len 00005724 (21 KiB): RAM[0m
[0;32mI (269) heap_init: At 3FCF0000 len 00008000 (32 KiB): DRAM[0m
[0;32mI (274) heap_init: At 600FE000 len 00001FE8 (7 KiB): RTCRAM[0m
[0;32mI (281) spi_flash: detected chip: boya[0m
[0;32mI (283) spi_flash: flash io: dio[0m
[0;33mW (286) spi_flash: Detected size(16384k) larger than the size in the binary image header(2048k). Using the size in the binary image header.[0m
[0;32mI (299) sleep_gpio: Configure to isolate all GPIO pins in sleep state[0m
[0;32mI (305) sleep_gpio: Enable automatic switching of GPIO sleep configuration[0m
[0;32mI (311) coexist: coex firmware version: b0bcc39[0m
[0;32mI (330) coexist: coexist rom version e7ae62f[0m
[0;32mI (331) main_task: Started on CPU0[0m
[0;32mI (341) main_task: Calling app_main()[0m
ESP32 Starter Project
Guru Meditation Error: Core  0 panic'ed (LoadProhibited). Exception was unhandled.

Core  0 register dump:
PC      : 0x4200c874  PS      : 0x00060e30  A0      : 0x8200c89e  A1      : 0x3fca3550  
A2      : 0x00000001  A3      : 0x3fca49e8  A4      : 0x00000000  A5      : 0x00000006  
A6      : 0x00000000  A7      : 0x3fca4964  A8      : 0x00000000  A9      : 0x3fca3510  
A10     : 0x3fc9dd5c  A11     : 0x00000001  A12     : 0x00000006  A13     : 0x00000000  
A14     : 0x3fca4b98  A15     : 0x3fca34e0  SAR     : 0x0000001e  EXCCAUSE: 0x0000001c  
EXCVADDR: 0x00000044  LBEG    : 0x400570e8  LEND    : 0x400570f3  LCOUNT  : 0x00000000  


Backtrace: 0x4200c871:0x3fca3550 0x4200c89b:0x3fca3570 0x42014187:0x3fca3590 0x4200c30b:0x3fca35b0 0x4200b72d:0x3fca35d0 0x4200b64d:0x3fca3600 0x42051563:0x3fca3620 0x403813c1:0x3fca3650




ELF file SHA256: b972dcfe1

Rebooting...
ESP-ROM:esp32s3-20210327
Build:Mar 27 2021
rst:0xc (RTC_SW_CPU_RST),boot:0x8 (SPI_FAST_FLASH_BOOT)
Saved PC:0x40375b2c
SPIWP:0xee
mode:DIO, clock div:1
load:0x3fce2810,len:0x1564
load:0x403c8700,len:0x4
load:0x403c8704,len:0xd24
load:0x403cb700,len:0x2ed4
entry 0x403c8928
[0;32mI (31) boot: ESP-IDF v5.4.3 2nd stage bootloader[0m
[0;32mI (31) boot: compile time Apr 29 2026 14:08:12[0m
[0;32mI (31) boot: Multicore bootloader[0m
[0;32mI (31) boot: chip revision: v0.2[0m
[0;32mI (34) boot: efuse block revision: v1.3[0m
[0;32mI (38) boot.esp32s3: Boot SPI Speed : 80MHz[0m
[0;32mI (42) boot.esp32s3: SPI Mode       : DIO[0m
[0;32mI (45) boot.esp32s3: SPI Flash Size : 2MB[0m
[0;32mI (49) boot: Enabling RNG early entropy source...[0m
[0;32mI (54) boot: Partition Table:[0m
[0;32mI (56) boot: ## Label            Usage          Type ST Offset   Length[0m
[0;32mI (63) boot:  0 nvs              WiFi data        01 02 00009000 00006000[0m
[0;32mI (69) boot:  1 phy_init         RF data          01 01 0000f000 00001000[0m
[0;32mI (76) boot:  2 factory          factory app      00 00 00010000 00100000[0m
[0;32mI (82) boot: End of partition table[0m
[0;32mI (85) esp_image: segment 0: paddr=00010020 vaddr=3c060020 size=14b4ch ( 84812) map[0m
[0;32mI (108) esp_image: segment 1: paddr=00024b74 vaddr=3fc99600 size=03f84h ( 16260) load[0m
[0;32mI (111) esp_image: segment 2: paddr=00028b00 vaddr=40374000 size=07518h ( 29976) load[0m
[0;32mI (118) esp_image: segment 3: paddr=00030020 vaddr=42000020 size=52118h (336152) map[0m
[0;32mI (178) esp_image: segment 4: paddr=00082140 vaddr=4037b518 size=0e090h ( 57488) load[0m
[0;32mI (191) esp_image: segment 5: paddr=000901d8 vaddr=50000000 size=0001ch (    28) load[0m
[0;32mI (200) boot: Loaded app from partition at offset 0x10000[0m
[0;32mI (200) boot: Disabling RNG early entropy source...[0m
[0;32mI (210) cpu_start: Multicore app[0m
[0;32mI (219) cpu_start: Pro cpu start user code[0m
[0;32mI (219) cpu_start: cpu freq: 160000000 Hz[0m
[0;32mI (219) app_init: Application information:[0m
[0;32mI (219) app_init: Project name:     esp32_dev_template[0m
[0;32mI (224) app_init: App version:      ce40700[0m
[0;32mI (228) app_init: Compile time:     Apr 29 2026 14:39:56[0m
[0;32mI (233) app_init: ELF file SHA256:  b972dcfe1...[0m
[0;32mI (237) app_init: ESP-IDF:          v5.4.3[0m
[0;32mI (241) efuse_init: Min chip rev:     v0.0[0m
[0;32mI (245) efuse_init: Max chip rev:     v0.99 [0m
[0;32mI (249) efuse_init: Chip rev:         v0.2[0m
[0;32mI (253) heap_init: Initializing. RAM available for dynamic allocation:[0m
[0;32mI (259) heap_init: At 3FC9FA40 len 00049CD0 (295 KiB): RAM[0m
[0;32mI (264) heap_init: At 3FCE9710 len 00005724 (21 KiB): RAM[0m
[0;32mI (269) heap_init: At 3FCF0000 len 00008000 (32 KiB): DRAM[0m
[0;32mI (274) heap_init: At 600FE000 len 00001FE8 (7 KiB): RTCRAM[0m
[0;32mI (281) spi_flash: detected chip: boya[0m
[0;32mI (283) spi_flash: flash io: dio[0m
[0;33mW (286) spi_flash: Detected size(16384k) larger than the size in the binary image header(2048k). Using the size in the binary image header.[0m
[0;32mI (299) sleep_gpio: Configure to isolate all GPIO pins in sleep state[0m
[0;32mI (305) sleep_gpio: Enable automatic switching of GPIO sleep configuration[0m
[0;32mI (311) coexist: coex firmware version: b0bcc39[0m
[0;32mI (330) coexist: coexist rom version e7ae62f[0m
[0;32mI (331) main_task: Started on CPU0[0m
[0;32mI (341) main_task: Calling app_main()[0m
ESP32 Starter Project
Guru Meditation Error: Core  0 panic'ed (LoadProhibited). Exception was unhandled.

Core  0 register dump:
PC      : 0x4200c874  PS      : 0x00060e30  A0      : 0x8200c89e  A1      : 0x3fca3550  
A2      : 0x00000001  A3      : 0x3fca49e8  A4      : 0x00000000  A5      : 0x00000006  
A6      : 0x00000000  A7      : 0x3fca4964  A8      : 0x00000000  A9      : 0x3fca3510  
A10     : 0x3fc9dd5c  A11     : 0x00000001  A12     : 0x00000006  A13     : 0x00000000  
A14     : 0x3fca4b98  A15     : 0x3fca34e0  SAR     : 0x0000001e  EXCCAUSE: 0x0000001c  
EXCVADDR: 0x00000044  LBEG    : 0x400570e8  LEND    : 0x400570f3  LCOUNT  : 0x00000000  


Backtrace: 0x4200c871:0x3fca3550 0x4200c89b:0x3fca3570 0x42014187:0x3fca3590 0x4200c30b:0x3fca35b0 0x4200b72d:0x3fca35d0 0x4200b64d:0x3fca3600 0x42051563:0x3fca3620 0x403813c1:0x3fca3650




ELF file SHA256: b972dcfe1

Rebooting...
ESP-ROM:esp32s3-20210327
Build:Mar 27 2021
rst:0xc (RTC_SW_CPU_RST),boot:0x8 (SPI_FAST_FLASH_BOOT)
Saved PC:0x40375b2c
SPIWP:0xee
mode:DIO, clock div:1
load:0x3fce2810,len:0x1564
load:0x403c8700,len:0x4
load:0x403c8704,len:0xd24
load:0x403cb700,len:0x2ed4
entry 0x403c8928
[0;32mI (31) boot: ESP-IDF v5.4.3 2nd stage bootloader[0m
[0;32mI (31) boot: compile time Apr 29 2026 14:08:12[0m
[0;32mI (31) boot: Multicore bootloader[0m
[0;32mI (31) boot: chip revision: v0.2[0m
[0;32mI (34) boot: efuse block revision: v1.3[0m
[0;32mI (38) boot.esp32s3: Boot SPI Speed : 80MHz[0m
[0;32mI (42) boot.esp32s3: SPI Mode       : DIO[0m
[0;32mI (45) boot.esp32s3: SPI Flash Size : 2MB[0m
[0;32mI (49) boot: Enabling RNG early entropy source...[0m
[0;32mI (54) boot: Partition Table:[0m
[0;32mI (56) boot: ## Label            Usage          Type ST Offset   Length[0m
[0;32mI (63) boot:  0 nvs              WiFi data        01 02 00009000 00006000[0m
[0;32mI (69) boot:  1 phy_init         RF data          01 01 0000f000 00001000[0m
[0;32mI (76) boot:  2 factory          factory app      00 00 00010000 00100000[0m
[0;32mI (82) boot: End of partition table[0m
[0;32mI (85) esp_image: segment 0: paddr=00010020 vaddr=3c060020 size=14b4ch ( 84812) map[0m
[0;32mI (108) esp_image: segment 1: paddr=00024b74 vaddr=3fc99600 size=03f84h ( 16260) load[0m
[0;32mI (111) esp_image: segment 2: paddr=00028b00 vaddr=40374000 size=07518h ( 29976) load[0m
[0;32mI (118) esp_image: segment 3: paddr=00030020 vaddr=42000020 size=52118h (336152) map[0m
[0;32mI (178) esp_image: segment 4: paddr=00082140 vaddr=4037b518 size=0e090h ( 57488) load[0m
[0;32mI (191) esp_image: segment 5: paddr=000901d8 vaddr=50000000 size=0001ch (    28) load[0m
[0;32mI (200) boot: Loaded app from partition at offset 0x10000[0m
[0;32mI (200) boot: Disabling RNG early entropy source...[0m
[0;32mI (210) cpu_start: Multicore app[0m
[0;32mI (219) cpu_start: Pro cpu start user code[0m
[0;32mI (219) cpu_start: cpu freq: 160000000 Hz[0m
[0;32mI (219) app_init: Application information:[0m
[0;32mI (219) app_init: Project name:     esp32_dev_template[0m
[0;32mI (224) app_init: App version:      ce40700[0m
[0;32mI (228) app_init: Compile time:     Apr 29 2026 14:39:56[0m
[0;32mI (233) app_init: ELF file SHA256:  b972dcfe1...[0m
[0;32mI (237) app_init: ESP-IDF:          v5.4.3[0m
[0;32mI (241) efuse_init: Min chip rev:     v0.0[0m
[0;32mI (245) efuse_init: Max chip rev:     v0.99 [0m
[0;32mI (249) efuse_init: Chip rev:         v0.2[0m
[0;32mI (253) heap_init: Initializing. RAM available for dynamic allocation:[0m
[0;32mI (259) heap_init: At 3FC9FA40 len 00049CD0 (295 KiB): RAM[0m
[0;32mI (264) heap_init: At 3FCE9710 len 00005724 (21 KiB): RAM[0m
[0;32mI (269) heap_init: At 3FCF0000 len 00008000 (32 KiB): DRAM[0m
[0;32mI (274) heap_init: At 600FE000 len 00001FE8 (7 KiB): RTCRAM[0m
[0;32mI (281) spi_flash: detected chip: boya[0m
[0;32mI (283) spi_flash: flash io: dio[0m
[0;33mW (286) spi_flash: Detected size(16384k) larger than the size in the binary image header(2048k). Using the size in the binary image header.[0m
[0;32mI (299) sleep_gpio: Configure to isolate all GPIO pins in sleep state[0m
[0;32mI (305) sleep_gpio: Enable automatic switching of GPIO sleep configuration[0m
[0;32mI (311) coexist: coex firmware version: b0bcc39[0m
[0;32mI (330) coexist: coexist rom version e7ae62f[0m
[0;32mI (331) main_task: Started on CPU0[0m
[0;32mI (341) main_task: Calling app_main()[0m
ESP32 Starter Project
Guru Meditation Error: Core  0 panic'ed (LoadProhibited). Exception was unhandled.

Core  0 register dump:
PC      : 0x4200c874  PS      : 0x00060e30  A0      : 0x8200c89e  A1      : 0x3fca3550  
A2      : 0x00000001  A3      : 0x3fca49e8  A4      : 0x00000000  A5      : 0x00000006  
A6      : 0x00000000  A7      : 0x3fca4964  A8      : 0x00000000  A9      : 0x3fca3510  
A10     : 0x3fc9dd5c  A11     : 0x00000001  A12     : 0x00000006  A13     : 0x00000000  
A14     : 0x3fca4b98  A15     : 0x3fca34e0  SAR     : 0x0000001e  EXCCAUSE: 0x0000001c  
EXCVADDR: 0x00000044  LBEG    : 0x400570e8  LEND    : 0x400570f3  LCOUNT  : 0x00000000  


Backtrace: 0x4200c871:0x3fca3550 0x4200c89b:0x3fca3570 0x42014187:0x3fca3590 0x4200c30b:0x3fca35b0 0x4200b72d:0x3fca35d0 0x4200b64d:0x3fca3600 0x42051563:0x3fca3620 0x403813c1:0x3fca3650




ELF file SHA256: b972dcfe1

Rebooting...
ESP-ROM:esp32s3-20210327
Build:Mar 27 2021
rst:0xc (RTC_SW_CPU_RST),boot:0x8 (SPI_FAST_FLASH_BOOT)
Saved PC:0x40375b2c
SPIWP:0xee
mode:DIO, clock div:1
load:0x3fce2810,len:0x1564
load:0x403c8700,len:0x4
load:0x403c8704,len:0xd24
load:0x403cb700,len:0x2ed4
entry 0x403c8928
[0;32mI (31) boot: ESP-IDF v5.4.3 2nd stage bootloader[0m
[0;32mI (31) boot: compile time Apr 29 2026 14:08:12[0m
[0;32mI (31) boot: Multicore bootloader[0m
[0;32mI (31) boot: chip revision: v0.2[0m
[0;32mI (34) boot: efuse block revision: v1.3[0m
[0;32mI (38) boot.esp32s3: Boot SPI Speed : 80MHz[0m
[0;32mI (42) boot.esp32s3: SPI Mode       : DIO[0m
[0;32mI (45) boot.esp32s3: SPI Flash Size : 2MB[0m
[0;32mI (49) boot: Enabling RNG early entropy source...[0m
[0;32mI (54) boot: Partition Table:[0m
[0;32mI (56) boot: ## Label            Usage          Type ST Offset   Length[0m
[0;32mI (63) boot:  0 nvs              WiFi data        01 02 00009000 00006000[0m
[0;32mI (69) boot:  1 phy_init         RF data          01 01 0000f000 00001000[0m
[0;32mI (76) boot:  2 factory          factory app      00 00 00010000 00100000[0m
[0;32mI (82) boot: End of partition table[0m
[0;32mI (85) esp_image: segment 0: paddr=00010020 vaddr=3c060020 size=14b4ch ( 84812) map[0m
[0;32mI (108) esp_image: segment 1: paddr=00024b74 vaddr=3fc99600 size=03f84h ( 16260) load[0m
[0;32mI (111) esp_image: segment 2: paddr=00028b00 vaddr=40374000 size=07518h ( 29976) load[0m
[0;32mI (118) esp_image: segment 3: paddr=00030020 vaddr=42000020 size=52118h (336152) map[0m
[0;32mI (178) esp_image: segment 4: paddr=00082140 vaddr=4037b518 size=0e090h ( 57488) load[0m
[0;32mI (191) esp_image: segment 5: paddr=000901d8 vaddr=50000000 size=0001ch (    28) load[0m
[0;32mI (200) boot: Loaded app from partition at offset 0x10000[0m
[0;32mI (200) boot: Disabling RNG early entropy source...[0m
[0;32mI (210) cpu_start: Multicore app[0m
[0;32mI (219) cpu_start: Pro cpu start user code[0m
[0;32mI (219) cpu_start: cpu freq: 160000000 Hz[0m
[0;32mI (219) app_init: Application information:[0m
[0;32mI (219) app_init: Project name:     esp32_dev_template[0m
[0;32mI (224) app_init: App version:      ce40700[0m
[0;32mI (228) app_init: Compile time:     Apr 29 2026 14:39:56[0m
[0;32mI (233) app_init: ELF file SHA256:  b972dcfe1...[0m
[0;32mI (237) app_init: ESP-IDF:          v5.4.3[0m
[0;32mI (241) efuse_init: Min chip rev:     v0.0[0m
[0;32mI (245) efuse_init: Max chip rev:     v0.99 [0m
[0;32mI (249) efuse_init: Chip rev:         v0.2[0m
[0;32mI (253) heap_init: Initializing. RAM available for dynamic allocation:[0m
[0;32mI (259) heap_init: At 3FC9FA40 len 00049CD0 (295 KiB): RAM[0m
[0;32mI (264) heap_init: At 3FCE9710 len 00005724 (21 KiB): RAM[0m
[0;32mI (269) heap_init: At 3FCF0000 len 00008000 (32 KiB): DRAM[0m
[0;32mI (274) heap_init: At 600FE000 len 00001FE8 (7 KiB): RTCRAM[0m
[0;32mI (281) spi_flash: detected chip: boya[0m
[0;32mI (283) spi_flash: flash io: dio[0m
[0;33mW (286) spi_flash: Detected size(16384k) larger than the size in the binary image header(2048k). Using the size in the binary image header.[0m
[0;32mI (299) sleep_gpio: Configure to isolate all GPIO pins in sleep state[0m
[0;32mI (305) sleep_gpio: Enable automatic switching of GPIO sleep configuration[0m
[0;32mI (311) coexist: coex firmware version: b0bcc39[0m
[0;32mI (330) coexist: coexist rom version e7ae62f[0m
[0;32mI (331) main_task: Started on CPU0[0m
[0;32mI (341) main_task: Calling app_main()[0m
ESP32 Starter Project
Guru Meditation Error: Core  0 panic'ed (LoadProhibited). Exception was unhandled.

Core  0 register dump:
PC      : 0x4200c874  PS      : 0x00060e30  A0      : 0x8200c89e  A1      : 0x3fca3550  
A2      : 0x00000001  A3      : 0x3fca49e8  A4      : 0x00000000  A5      : 0x00000006  
A6      : 0x00000000  A7      : 0x3fca4964  A8      : 0x00000000  A9      : 0x3fca3510  
A10     : 0x3fc9dd5c  A11     : 0x00000001  A12     : 0x00000006  A13     : 0x00000000  
A14     : 0x3fca4b98  A15     : 0x3fca34e0  SAR     : 0x0000001e  EXCCAUSE: 0x0000001c  
EXCVADDR: 0x00000044  LBEG    : 0x400570e8  LEND    : 0x400570f3  LCOUNT  : 0x00000000  


Backtrace: 0x4200c871:0x3fca3550 0x4200c89b:0x3fca3570 0x42014187:0x3fca3590 0x4200c30b:0x3fca35b0 0x4200b72d:0x3fca35d0 0x4200b64d:0x3fca3600 0x42051563:0x3fca3620 0x403813c1:0x3fca3650




ELF file SHA256: b972dcfe1

Rebooting...
ESP-ROM:esp32s3-20210327
Build:Mar 27 2021
rst:0xc (RTC_SW_CPU_RST),boot:0x8 (SPI_FAST_FLASH_BOOT)
Saved PC:0x40375b2c
SPIWP:0xee
mode:DIO, clock div:1
load:0x3fce2810,len:0x1564
load:0x403c8700,len:0x4
load:0x403c8704,len:0xd24
load:0x403cb700,len:0x2ed4
entry 0x403c8928
[0;32mI (31) boot: ESP-IDF v5.4.3 2nd stage bootloader[0m
[0;32mI (31) boot: compile time Apr 29 2026 14:08:12[0m
[0;32mI (31) boot: Multicore bootloader[0m
[0;32mI (31) boot: chip revision: v0.2[0m
[0;32mI (34) boot: efuse block revision: v1.3[0m
[0;32mI (38) boot.esp32s3: Boot SPI Speed : 80MHz[0m
[0;32mI (42) boot.esp32s3: SPI Mode       : DIO[0m
[0;32mI (45) boot.esp32s3: SPI Flash Size : 2MB[0m
[0;32mI (49) boot: Enabling RNG early entropy source...[0m
[0;32mI (54) boot: Partition Table:[0m
[0;32mI (56) boot: ## Label            Usage          Type ST Offset   Length[0m
[0;32mI (63) boot:  0 nvs              WiFi data        01 02 00009000 00006000[0m
[0;32mI (69) boot:  1 phy_init         RF data          01 01 0000f000 00001000[0m
[0;32mI (76) boot:  2 factory          factory app      00 00 00010000 00100000[0m
[0;32mI (82) boot: End of partition table[0m
[0;32mI (85) esp_image: segment 0: paddr=00010020 vaddr=3c060020 size=14b4ch ( 84812) map[0m
[0;32mI (108) esp_image: segment 1: paddr=00024b74 vaddr=3fc99600 size=03f84h ( 16260) load[0m
[0;32mI (111) esp_image: segment 2: paddr=00028b00 vaddr=40374000 size=07518h ( 29976) load[0m
[0;32mI (118) esp_image: segment 3: paddr=00030020 vaddr=42000020 size=52118h (336152) map[0m
[0;32mI (178) esp_image: segment 4: paddr=00082140 vaddr=4037b518 size=0e090h ( 57488) load[0m
[0;32mI (191) esp_image: segment 5: paddr=000901d8 vaddr=50000000 size=0001ch (    28) load[0m
[0;32mI (200) boot: Loaded app from partition at offset 0x10000[0m
[0;32mI (200) boot: Disabling RNG early entropy source...[0m
[0;32mI (210) cpu_start: Multicore app[0m
[0;32mI (219) cpu_start: Pro cpu start user code[0m
[0;32mI (219) cpu_start: cpu freq: 160000000 Hz[0m
[0;32mI (219) app_init: Application information:[0m
[0;32mI (219) app_init: Project name:     esp32_dev_template[0m
[0;32mI (224) app_init: App version:      ce40700[0m
[0;32mI (228) app_init: Compile time:     Apr 29 2026 14:39:56[0m
[0;32mI (233) app_init: ELF file SHA256:  b972dcfe1...[0m
[0;32mI (237) app_init: ESP-IDF:          v5.4.3[0m
[0;32mI (241) efuse_init: Min chip rev:     v0.0[0m
[0;32mI (245) efuse_init: Max chip rev:     v0.99 [0m
[0;32mI (249) efuse_init: Chip rev:         v0.2[0m
[0;32mI (253) heap_init: Initializing. RAM available for dynamic allocation:[0m
[0;32mI (259) heap_init: At 3FC9FA40 len 00049CD0 (295 KiB): RAM[0m
[0;32mI (264) heap_init: At 3FCE9710 len 00005724 (21 KiB): RAM[0m
[0;32mI (269) heap_init: At 3FCF0000 len 00008000 (32 KiB): DRAM[0m
[0;32mI (274) heap_init: At 600FE000 len 00001FE8 (7 KiB): RTCRAM[0m
[0;32mI (281) spi_flash: detected chip: boya[0m
[0;32mI (283) spi_flash: flash io: dio[0m
[0;33mW (286) spi_flash: Detected size(16384k) larger than the size in the binary image header(2048k). Using the size in the binary image header.[0m
[0;32mI (299) sleep_gpio: Configure to isolate all GPIO pins in sleep state[0m
[0;32mI (305) sleep_gpio: Enable automatic switching of GPIO sleep configuration[0m
[0;32mI (311) coexist: coex firmware version: b0bcc39[0m
[0;32mI (330) coexist: coexist rom version e7ae62f[0m
[0;32mI (331) main_task: Started on CPU0[0m
[0;32mI (341) main_task: Calling app_main()[0m
ESP32 Starter Project
Guru Meditation Error: Core  0 panic'ed (LoadProhibited). Exception was unhandled.

Core  0 register dump:
PC      : 0x4200c874  PS      : 0x00060e30  A0      : 0x8200c89e  A1      : 0x3fca3550  
A2      : 0x00000001  A3      : 0x3fca49e8  A4      : 0x00000000  A5      : 0x00000006  
A6      : 0x00000000  A7      : 0x3fca4964  A8      : 0x00000000  A9      : 0x3fca3510  
A10     : 0x3fc9dd5c  A11     : 0x00000001  A12     : 0x00000006  A13     : 0x00000000  
A14     : 0x3fca4b98  A15     : 0x3fca34e0  SAR     : 0x0000001e  EXCCAUSE: 0x0000001c  
EXCVADDR: 0x00000044  LBEG    : 0x400570e8  LEND    : 0x400570f3  LCOUNT  : 0x00000000  


Backtrace: 0x4200c871:0x3fca3550 0x4200c89b:0x3fca3570 0x42014187:0x3fca3590 0x4200c30b:0x3fca35b0 0x4200b72d:0x3fca35d0 0x4200b64d:0x3fca3600 0x42051563:0x3fca3620 0x403813c1:0x3fca3650




ELF file SHA256: b972dcfe1

Rebooting...
ESP-ROM:esp32s3-20210327
Build:Mar 27 2021
rst:0xc (RTC_SW_CPU_RST),boot:0x8 (SPI_FAST_FLASH_BOOT)
Saved PC:0x40375b2c
SPIWP:0xee
mode:DIO, clock div:1
load:0x3fce2810,len:0x1564
load:0x403c8700,len:0x4
load:0x403c8704,len:0xd24
load:0x403cb700,len:0x2ed4
entry 0x403c8928
[0;32mI (31) boot: ESP-IDF v5.4.3 2nd stage bootloader[0m
[0;32mI (31) boot: compile time Apr 29 2026 14:08:12[0m
[0;32mI (31) boot: Multicore bootloader[0m
[0;32mI (31) boot: chip revision: v0.2[0m
[0;32mI (34) boot: efuse block revision: v1.3[0m
[0;32mI (38) boot.esp32s3: Boot SPI Speed : 80MHz[0m
[0;32mI (42) boot.esp32s3: SPI Mode       : DIO[0m
[0;32mI (45) boot.esp32s3: SPI Flash Size : 2MB[0m
[0;32mI (49) boot: Enabling RNG early entropy source...[0m
[0;32mI (54) boot: Partition Table:[0m
[0;32mI (56) boot: ## Label            Usage          Type ST Offset   Length[0m
[0;32mI (63) boot:  0 nvs              WiFi data        01 02 00009000 00006000[0m
[0;32mI (69) boot:  1 phy_init         RF data          01 01 0000f000 00001000[0m
[0;32mI (76) boot:  2 factory          factory app      00 00 00010000 00100000[0m
[0;32mI (82) boot: End of partition table[0m
[0;32mI (85) esp_image: segment 0: paddr=00010020 vaddr=3c060020 size=14b4ch ( 84812) map[0m
[0;32mI (108) esp_image: segment 1: paddr=00024b74 vaddr=3fc99600 size=03f84h ( 16260) load[0m
[0;32mI (111) esp_image: segment 2: paddr=00028b00 vaddr=40374000 size=07518h ( 29976) load[0m
[0;32mI (118) esp_image: segment 3: paddr=00030020 vaddr=42000020 size=52118h (336152) map[0m
[0;32mI (178) esp_image: segment 4: paddr=00082140 vaddr=4037b518 size=0e090h ( 57488) load[0m
[0;32mI (191) esp_image: segment 5: paddr=000901d8 vaddr=50000000 size=0001ch (    28) load[0m
[0;32mI (200) boot: Loaded app from partition at offset 0x10000[0m
[0;32mI (200) boot: Disabling RNG early entropy source...[0m
[0;32mI (210) cpu_start: Multicore app[0m
[0;32mI (219) cpu_start: Pro cpu start user code[0m
[0;32mI (219) cpu_start: cpu freq: 160000000 Hz[0m
[0;32mI (219) app_init: Application information:[0m
[0;32mI (219) app_init: Project name:     esp32_dev_template[0m
[0;32mI (224) app_init: App version:      ce40700[0m
[0;32mI (228) app_init: Compile time:     Apr 29 2026 14:39:56[0m
[0;32mI (233) app_init: ELF file SHA256:  b972dcfe1...[0m
[0;32mI (237) app_init: ESP-IDF:          v5.4.3[0m
[0;32mI (241) efuse_init: Min chip rev:     v0.0[0m
[0;32mI (245) efuse_init: Max chip rev:     v0.99 [0m
[0;32mI (249) efuse_init: Chip rev:         v0.2[0m
[0;32mI (253) heap_init: Initializing. RAM available for dynamic allocation:[0m
[0;32mI (259) heap_init: At 3FC9FA40 len 00049CD0 (295 KiB): RAM[0m
[0;32mI (264) heap_init: At 3FCE9710 len 00005724 (21 KiB): RAM[0m
[0;32mI (269) heap_init: At 3FCF0000 len 00008000 (32 KiB): DRAM[0m
[0;32mI (274) heap_init: At 600FE000 len 00001FE8 (7 KiB): RTCRAM[0m
[0;32mI (281) spi_flash: detected chip: boya[0m
[0;32mI (283) spi_flash: flash io: dio[0m
[0;33mW (286) spi_flash: Detected size(16384k) larger than the size in the binary image header(2048k). Using the size in the binary image header.[0m
[0;32mI (299) sleep_gpio: Configure to isolate all GPIO pins in sleep state[0m
[0;32mI (305) sleep_gpio: Enable automatic switching of GPIO sleep configuration[0m
[0;32mI (311) coexist: coex firmware version: b0bcc39[0m
[0;32mI (330) coexist: coexist rom version e7ae62f[0m
[0;32mI (331) main_task: Started on CPU0[0m
[0;32mI (341) main_task: Calling app_main()[0m
ESP32 Starter Project
Guru Meditation Error: Core  0 panic'ed (LoadProhibited). Exception was unhandled.

Core  0 register dump:
PC      : 0x4200c874  PS      : 0x00060e30  A0      : 0x8200c89e  A1      : 0x3fca3550  
A2      : 0x00000001  A3      : 0x3fca49e8  A4      : 0x00000000  A5      : 0x00000006  
A6      : 0x00000000  A7      : 0x3fca4964  A8      : 0x00000000  A9      : 0x3fca3510  
A10     : 0x3fc9dd5c  A11     : 0x00000001  A12     : 0x00000006  A13     : 0x00000000  
A14     : 0x3fca4b98  A15     : 0x3fca34e0  SAR     : 0x0000001e  EXCCAUSE: 0x0000001c  
EXCVADDR: 0x00000044  LBEG    : 0x400570e8  LEND    : 0x400570f3  LCOUNT  : 0x00000000  


Backtrace: 0x4200c871:0x3fca3550 0x4200c89b:0x3fca3570 0x42014187:0x3fca3590 0x4200c30b:0x3fca35b0 0x4200b72d:0x3fca35d0 0x4200b64d:0x3fca3600 0x42051563:0x3fca3620 0x403813c1:0x3fca3650




ELF file SHA256: b972dcfe1

Rebooting...
ESP-ROM:esp32s3-20210327
Build:Mar 27 2021
rst:0xc (RTC_SW_CPU_RST),boot:0x8 (SPI_FAST_FLASH_BOOT)
Saved PC:0x40375b2c
SPIWP:0xee
mode:DIO, clock div:1
load:0x3fce2810,len:0x1564
load:0x403c8700,len:0x4
load:0x403c8704,len:0xd24
load:0x403cb700,len:0x2ed4
entry 0x403c8928
[0;32mI (31) boot: ESP-IDF v5.4.3 2nd stage bootloader[0m
[0;32mI (31) boot: compile time Apr 29 2026 14:08:12[0m
[0;32mI (31) boot: Multicore bootloader[0m
[0;32mI (31) boot: chip revision: v0.2[0m
[0;32mI (34) boot: efuse block revision: v1.3[0m
[0;32mI (38) boot.esp32s3: Boot SPI Speed : 80MHz[0m
[0;32mI (42) boot.esp32s3: SPI Mode       : DIO[0m
[0;32mI (45) boot.esp32s3: SPI Flash Size : 2MB[0m
[0;32mI (49) boot: Enabling RNG early entropy source...[0m
[0;32mI (54) boot: Partition Table:[0m
[0;32mI (56) boot: ## Label            Usage          Type ST Offset   Length[0m
[0;32mI (63) boot:  0 nvs              WiFi data        01 02 00009000 00006000[0m
[0;32mI (69) boot:  1 phy_init         RF data          01 01 0000f000 00001000[0m
[0;32mI (76) boot:  2 factory          factory app      00 00 00010000 00100000[0m
[0;32mI (82) boot: End of partition table[0m
[0;32mI (85) esp_image: segment 0: paddr=00010020 vaddr=3c060020 size=14b4ch ( 84812) map[0m
[0;32mI (108) esp_image: segment 1: paddr=00024b74 vaddr=3fc99600 size=03f84h ( 16260) load[0m
[0;32mI (111) esp_image: segment 2: paddr=00028b00 vaddr=40374000 size=07518h ( 29976) load[0m
[0;32mI (118) esp_image: segment 3: paddr=00030020 vaddr=42000020 size=52118h (336152) map[0m
[0;32mI (178) esp_image: segment 4: paddr=00082140 vaddr=4037b518 size=0e090h ( 57488) load[0m
[0;32mI (191) esp_image: segment 5: paddr=000901d8 vaddr=50000000 size=0001ch (    28) load[0m
[0;32mI (200) boot: Loaded app from partition at offset 0x10000[0m
[0;32mI (200) boot: Disabling RNG early entropy source...[0m
[0;32mI (210) cpu_start: Multicore app[0m
[0;32mI (219) cpu_start: Pro cpu start user code[0m
[0;32mI (219) cpu_start: cpu freq: 160000000 Hz[0m
[0;32mI (219) app_init: Application information:[0m
[0;32mI (219) app_init: Project name:     esp32_dev_template[0m
[0;32mI (224) app_init: App version:      ce40700[0m
[0;32mI (228) app_init: Compile time:     Apr 29 2026 14:39:56[0m
[0;32mI (233) app_init: ELF file SHA256:  b972dcfe1...[0m
[0;32mI (237) app_init: ESP-IDF:          v5.4.3[0m
[0;32mI (241) efuse_init: Min chip rev:     v0.0[0m
[0;32mI (245) efuse_init: Max chip rev:     v0.99 [0m
[0;32mI (249) efuse_init: Chip rev:         v0.2[0m
[0;32mI (253) heap_init: Initializing. RAM available for dynamic allocation:[0m
[0;32mI (259) heap_init: At 3FC9FA40 len 00049CD0 (295 KiB): RAM[0m
[0;32mI (264) heap_init: At 3FCE9710 len 00005724 (21 KiB): RAM[0m
[0;32mI (269) heap_init: At 3FCF0000 len 00008000 (32 KiB): DRAM[0m
[0;32mI (274) heap_init: At 600FE000 len 00001FE8 (7 KiB): RTCRAM[0m
[0;32mI (281) spi_flash: detected chip: boya[0m
[0;32mI (283) spi_flash: flash io: dio[0m
[0;33mW (286) spi_flash: Detected size(16384k) larger than the size in the binary image header(2048k). Using the size in the binary image header.[0m
[0;32mI (299) sleep_gpio: Configure to isolate all GPIO pins in sleep state[0m
[0;32mI (305) sleep_gpio: Enable automatic switching of GPIO sleep configuration[0m
[0;32mI (311) coexist: coex firmware version: b0bcc39[0m
[0;32mI (330) coexist: coexist rom version e7ae62f[0m
[0;32mI (331) main_task: Started on CPU0[0m
[0;32mI (341) main_task: Calling app_main()[0m
ESP32 Starter Project
Guru Meditation Error: Core  0 panic'ed (LoadProhibited). Exception was unhandled.

Core  0 register dump:
PC      : 0x4200c874  PS      : 0x00060e30  A0      : 0x8200c89e  A1      : 0x3fca3550  
A2      : 0x00000001  A3      : 0x3fca49e8  A4      : 0x00000000  A5      : 0x00000006  
A6      : 0x00000000  A7      : 0x3fca4964  A8      : 0x00000000  A9      : 0x3fca3510  
A10     : 0x3fc9dd5c  A11     : 0x00000001  A12     : 0x00000006  A13     : 0x00000000  
A14     : 0x3fca4b98  A15     : 0x3fca34e0  SAR     : 0x0000001e  EXCCAUSE: 0x0000001c  
EXCVADDR: 0x00000044  LBEG    : 0x400570e8  LEND    : 0x400570f3  LCOUNT  : 0x00000000  


Backtrace: 0x4200c871:0x3fca3550 0x4200c89b:0x3fca3570 0x42014187:0x3fca3590 0x4200c30b:0x3fca35b0 0x4200b72d:0x3fca35d0 0x4200b64d:0x3fca3600 0x42051563:0x3fca3620 0x403813c1:0x3fca3650




ELF file SHA256: b972dcfe1

Rebooting...
ESP-ROM:esp32s3-20210327
Build:Mar 27 2021
rst:0xc (RTC_SW_CPU_RST),boot:0x8 (SPI_FAST_FLASH_BOOT)
Saved PC:0x40375b2c
SPIWP:0xee
mode:DIO, clock div:1
load:0x3fce2810,len:0x1564
load:0x403c8700,len:0x4
load:0x403c8704,len:0xd24
load:0x403cb700,len:0x2ed4
entry 0x403c8928
[0;32mI (31) boot: ESP-IDF v5.4.3 2nd stage bootloader[0m
[0;32mI (31) boot: compile time Apr 29 2026 14:08:12[0m
[0;32mI (31) boot: Multicore bootloader[0m
[0;32mI (31) boot: chip revision: v0.2[0m
[0;32mI (34) boot: efuse block revision: v1.3[0m
[0;32mI (38) boot.esp32s3: Boot SPI Speed : 80MHz[0m
[0;32mI (42) boot.esp32s3: SPI Mode       : DIO[0m
[0;32mI (45) boot.esp32s3: SPI Flash Size : 2MB[0m
[0;32mI (49) boot: Enabling RNG early entropy source...[0m
[0;32mI (54) boot: Partition Table:[0m
[0;32mI (56) boot: ## Label            Usage          Type ST Offset   Length[0m
[0;32mI (63) boot:  0 nvs              WiFi data        01 02 00009000 00006000[0m
[0;32mI (69) boot:  1 phy_init         RF data          01 01 0000f000 00001000[0m
[0;32mI (76) boot:  2 factory          factory app      00 00 00010000 00100000[0m
[0;32mI (82) boot: End of partition table[0m
[0;32mI (85) esp_image: segment 0: paddr=00010020 vaddr=3c060020 size=14b4ch ( 84812) map[0m
[0;32mI (108) esp_image: segment 1: paddr=00024b74 vaddr=3fc99600 size=03f84h ( 16260) load[0m
[0;32mI (111) esp_image: segment 2: paddr=00028b00 vaddr=40374000 size=07518h ( 29976) load[0m
[0;32mI (118) esp_image: segment 3: paddr=00030020 vaddr=42000020 size=52118h (336152) map[0m
[0;32mI (178) esp_image: segment 4: paddr=00082140 vaddr=4037b518 size=0e090h ( 57488) load[0m
[0;32mI (191) esp_image: segment 5: paddr=000901d8 vaddr=50000000 size=0001ch (    28) load[0m
[0;32mI (200) boot: Loaded app from partition at offset 0x10000[0m
[0;32mI (200) boot: Disabling RNG early entropy source...[0m
[0;32mI (210) cpu_start: Multicore app[0m
[0;32mI (219) cpu_start: Pro cpu start user code[0m
[0;32mI (219) cpu_start: cpu freq: 160000000 Hz[0m
[0;32mI (219) app_init: Application information:[0m
[0;32mI (219) app_init: Project name:     esp32_dev_template[0m
[0;32mI (224) app_init: App version:      ce40700[0m
[0;32mI (228) app_init: Compile time:     Apr 29 2026 14:39:56[0m
[0;32mI (233) app_init: ELF file SHA256:  b972dcfe1...[0m
[0;32mI (237) app_init: ESP-IDF:          v5.4.3[0m
[0;32mI (241) efuse_init: Min chip rev:     v0.0[0m
[0;32mI (245) efuse_init: Max chip rev:     v0.99 [0m
[0;32mI (249) efuse_init: Chip rev:         v0.2[0m
[0;32mI (253) heap_init: Initializing. RAM available for dynamic allocation:[0m
[0;32mI (259) heap_init: At 3FC9FA40 len 00049CD0 (295 KiB): RAM[0m
[0;32mI (264) heap_init: At 3FCE9710 len 00005724 (21 KiB): RAM[0m
[0;32mI (269) heap_init: At 3FCF0000 len 00008000 (32 KiB): DRAM[0m
[0;32mI (274) heap_init: At 600FE000 len 00001FE8 (7 KiB): RTCRAM[0m
[0;32mI (281) spi_flash: detected chip: boya[0m
[0;32mI (283) spi_flash: flash io: dio[0m
[0;33mW (286) spi_flash: Detected size(16384k) larger than the size in the binary image header(2048k). Using the size in the binary image header.[0m
[0;32mI (299) sleep_gpio: Configure to isolate all GPIO pins in sleep state[0m
[0;32mI (305) sleep_gpio: Enable automatic switching of GPIO sleep configuration[0m
[0;32mI (311) coexist: coex firmware version: b0bcc39[0m
[0;32mI (330) coexist: coexist rom version e7ae62f[0m
[0;32mI (331) main_task: Started on CPU0[0m
[0;32mI (341) main_task: Calling app_main()[0m
ESP32 Starter Project
Guru Meditation Error: Core  0 panic'ed (LoadProhibited). Exception was unhandled.

Core  0 register dump:
PC      : 0x4200c874  PS      : 0x00060e30  A0      : 0x8200c89e  A1      : 0x3fca3550  
A2      : 0x00000001  A3      : 0x3fca49e8  A4      : 0x00000000  A5      : 0x00000006  
A6      : 0x00000000  A7      : 0x3fca4964  A8      : 0x00000000  A9      : 0x3fca3510  
A10     : 0x3fc9dd5c  A11     : 0x00000001  A12     : 0x00000006  A13     : 0x00000000  
A14     : 0x3fca4b98  A15     : 0x3fca34e0  SAR     : 0x0000001e  EXCCAUSE: 0x0000001c  
EXCVADDR: 0x00000044  LBEG    : 0x400570e8  LEND    : 0x400570f3  LCOUNT  : 0x00000000  


Backtrace: 0x4200c871:0x3fca3550 0x4200c89b:0x3fca3570 0x42014187:0x3fca3590 0x4200c30b:0x3fca35b0 0x4200b72d:0x3fca35d0 0x4200b64d:0x3fca3600 0x42051563:0x3fca3620 0x403813c1:0x3fca3650




ELF file SHA256: b972dcfe1

Rebooting...
ESP-ROM:esp32s3-20210327
Build:Mar 27 2021
rst:0xc (RTC_SW_CPU_RST),boot:0x8 (SPI_FAST_FLASH_BOOT)
Saved PC:0x40375b2c
SPIWP:0xee
mode:DIO, clock div:1
load:0x3fce2810,len:0x1564
load:0x403c8700,len:0x4
load:0x403c8704,len:0xd24
load:0x403cb700,len:0x2ed4
entry 0x403c8928
[0;32mI (31) boot: ESP-IDF v5.4.3 2nd stage bootloader[0m
[0;32mI (31) boot: compile time Apr 29 2026 14:08:12[0m
[0;32mI (31) boot: Multicore bootloader[0m
[0;32mI (31) boot: chip revision: v0.2[0m
[0;32mI (34) boot: efuse block revision: v1.3[0m
[0;32mI (38) boot.esp32s3: Boot SPI Speed : 80MHz[0m
[0;32mI (42) boot.esp32s3: SPI Mode       : DIO[0m
[0;32mI (45) boot.esp32s3: SPI Flash Size : 2MB[0m
[0;32mI (49) boot: Enabling RNG early entropy source...[0m
[0;32mI (54) boot: Partition Table:[0m
[0;32mI (56) boot: ## Label            Usage          Type ST Offset   Length[0m
[0;32mI (63) boot:  0 nvs              WiFi data        01 02 00009000 00006000[0m
[0;32mI (69) boot:  1 phy_init         RF data          01 01 0000f000 00001000[0m
[0;32mI (76) boot:  2 factory          factory app      00 00 00010000 00100000[0m
[0;32mI (82) boot: End of partition table[0m
[0;32mI (85) esp_image: segment 0: paddr=00010020 vaddr=3c060020 size=14b4ch ( 84812) map[0m
[0;32mI (108) esp_image: segment 1: paddr=00024b74 vaddr=3fc99600 size=03f84h ( 16260) load[0m
[0;32mI (111) esp_image: segment 2: paddr=00028b00 vaddr=40374000 size=07518h ( 29976) load[0m
[0;32mI (118) esp_image: segment 3: paddr=00030020 vaddr=42000020 size=52118h (336152) map[0m
[0;32mI (178) esp_image: segment 4: paddr=00082140 vaddr=4037b518 size=0e090h ( 57488) load[0m
[0;32mI (191) esp_image: segment 5: paddr=000901d8 vaddr=50000000 size=0001ch (    28) load[0m
[0;32mI (200) boot: Loaded app from partition at offset 0x10000[0m
[0;32mI (200) boot: Disabling RNG early entropy source...[0m
[0;32mI (210) cpu_start: Multicore app[0m
[0;32mI (219) cpu_start: Pro cpu start user code[0m
[0;32mI (219) cpu_start: cpu freq: 160000000 Hz[0m
[0;32mI (219) app_init: Application information:[0m
[0;32mI (219) app_init: Project name:     esp32_dev_template[0m
[0;32mI (224) app_init: App version:      ce40700[0m
[0;32mI (228) app_init: Compile time:     Apr 29 2026 14:39:56[0m
[0;32mI (233) app_init: ELF file SHA256:  b972dcfe1...[0m
[0;32mI (237) app_init: ESP-IDF:          v5.4.3[0m
[0;32mI (241) efuse_init: Min chip rev:     v0.0[0m
[0;32mI (245) efuse_init: Max chip rev:     v0.99 [0m
[0;32mI (249) efuse_init: Chip rev:         v0.2[0m
[0;32mI (253) heap_init: Initializing. RAM available for dynamic allocation:[0m
[0;32mI (259) heap_init: At 3FC9FA40 len 00049CD0 (295 KiB): RAM[0m
[0;32mI (264) heap_init: At 3FCE9710 len 00005724 (21 KiB): RAM[0m
[0;32mI (269) heap_init: At 3FCF0000 len 00008000 (32 KiB): DRAM[0m
[0;32mI (274) heap_init: At 600FE000 len 00001FE8 (7 KiB): RTCRAM[0m
[0;32mI (281) spi_flash: detected chip: boya[0m
[0;32mI (283) spi_flash: flash io: dio[0m
[0;33mW (286) spi_flash: Detected size(16384k) larger than the size in the binary image header(2048k). Using the size in the binary image header.[0m
[0;32mI (299) sleep_gpio: Configure to isolate all GPIO pins in sleep state[0m
[0;32mI (305) sleep_gpio: Enable automatic switching of GPIO sleep configuration[0m
[0;32mI (311) coexist: coex firmware version: b0bcc39[0m
[0;32mI (330) coexist: coexist rom version e7ae62f[0m
[0;32mI (331) main_task: Started on CPU0[0m
[0;32mI (341) main_task: Calling app_main()[0m
ESP32 Starter Project
Guru Meditation Error: Core  0 panic'ed (LoadProhibited). Exception was unhandled.

Core  0 register dump:
PC      : 0x4200c874  PS      : 0x00060e30  A0      : 0x8200c89e  A1      : 0x3fca3550  
A2      : 0x00000001  A3      : 0x3fca49e8  A4      : 0x00000000  A5      : 0x00000006  
A6      : 0x00000000  A7      : 0x3fca4964  A8      : 0x00000000  A9      : 0x3fca3510  
A10     : 0x3fc9dd5c  A11     : 0x00000001  A12     : 0x00000006  A13     : 0x00000000  
A14     : 0x3fca4b98  A15     : 0x3fca34e0  SAR     : 0x0000001e  EXCCAUSE: 0x0000001c  
EXCVADDR: 0x00000044  LBEG    : 0x400570e8  LEND    : 0x400570f3  LCOUNT  : 0x00000000  


Backtrace: 0x4200c871:0x3fca3550 0x4200c89b:0x3fca3570 0x42014187:0x3fca3590 0x4200c30b:0x3fca35b0 0x4200b72d:0x3fca35d0 0x4200b64d:0x3fca3600 0x42051563:0x3fca3620 0x403813c1:0x3fca3650




ELF file SHA256: b972dcfe1

Rebooting...
ESP-ROM:esp32s3-20210327
Build:Mar 27 2021
rst:0xc (RTC_SW_CPU_RST),boot:0x8 (SPI_FAST_FLASH_BOOT)
Saved PC:0x40375b2c
SPIWP:0xee
mode:DIO, clock div:1
load:0x3fce2810,len:0x1564
load:0x403c8700,len:0x4
load:0x403c8704,len:0xd24
load:0x403cb700,len:0x2ed4
entry 0x403c8928
[0;32mI (31) boot: ESP-IDF v5.4.3 2nd stage bootloader[0m
[0;32mI (31) boot: compile time Apr 29 2026 14:08:12[0m
[0;32mI (31) boot: Multicore bootloader[0m
[0;32mI (31) boot: chip revision: v0.2[0m
[0;32mI (34) boot: efuse block revision: v1.3[0m
[0;32mI (38) boot.esp32s3: Boot SPI Speed : 80MHz[0m
[0;32mI (42) boot.esp32s3: SPI Mode       : DIO[0m
[0;32mI (45) boot.esp32s3: SPI Flash Size : 2MB[0m
[0;32mI (49) boot: Enabling RNG early entropy source...[0m
[0;32mI (54) boot: Partition Table:[0m
[0;32mI (56) boot: ## Label            Usage          Type ST Offset   Length[0m
[0;32mI (63) boot:  0 nvs              WiFi data        01 02 00009000 00006000[0m
[0;32mI (69) boot:  1 phy_init         RF data          01 01 0000f000 00001000[0m
[0;32mI (76) boot:  2 factory          factory app      00 00 00010000 00100000[0m
[0;32mI (82) boot: End of partition table[0m
[0;32mI (85) esp_image: segment 0: paddr=00010020 vaddr=3c060020 size=14b4ch ( 84812) map[0m
[0;32mI (108) esp_image: segment 1: paddr=00024b74 vaddr=3fc99600 size=03f84h ( 16260) load[0m
[0;32mI (111) esp_image: segment 2: paddr=00028b00 vaddr=40374000 size=07518h ( 29976) load[0m
[0;32mI (118) esp_image: segment 3: paddr=00030020 vaddr=42000020 size=52118h (336152) map[0m
[0;32mI (178) esp_image: segment 4: paddr=00082140 vaddr=4037b518 size=0e090h ( 57488) load[0m
[0;32mI (191) esp_image: segment 5: paddr=000901d8 vaddr=50000000 size=0001ch (    28) load[0m
[0;32mI (200) boot: Loaded app from partition at offset 0x10000[0m
[0;32mI (200) boot: Disabling RNG early entropy source...[0m
[0;32mI (210) cpu_start: Multicore app[0m
[0;32mI (219) cpu_start: Pro cpu start user code[0m
[0;32mI (219) cpu_start: cpu freq: 160000000 Hz[0m
[0;32mI (219) app_init: Application information:[0m
[0;32mI (219) app_init: Project name:     esp32_dev_template[0m
[0;32mI (224) app_init: App version:      ce40700[0m
[0;32mI (228) app_init: Compile time:     Apr 29 2026 14:39:56[0m
[0;32mI (233) app_init: ELF file SHA256:  b972dcfe1...[0m
[0;32mI (237) app_init: ESP-IDF:          v5.4.3[0m
[0;32mI (241) efuse_init: Min chip rev:     v0.0[0m
[0;32mI (245) efuse_init: Max chip rev:     v0.99 [0m
[0;32mI (249) efuse_init: Chip rev:         v0.2[0m
[0;32mI (253) heap_init: Initializing. RAM available for dynamic allocation:[0m
[0;32mI (259) heap_init: At 3FC9FA40 len 00049CD0 (295 KiB): RAM[0m
[0;32mI (264) heap_init: At 3FCE9710 len 00005724 (21 KiB): RAM[0m
[0;32mI (269) heap_init: At 3FCF0000 len 00008000 (32 KiB): DRAM[0m
[0;32mI (274) heap_init: At 600FE000 len 00001FE8 (7 KiB): RTCRAM[0m
[0;32mI (281) spi_flash: detected chip: boya[0m
[0;32mI (283) spi_flash: flash io: dio[0m
[0;33mW (286) spi_flash: Detected size(16384k) larger than the size in the binary image header(2048k). Using the size in the binary image header.[0m
[0;32mI (299) sleep_gpio: Configure to isolate all GPIO pins in sleep state[0m
[0;32mI (305) sleep_gpio: Enable automatic switching of GPIO sleep configuration[0m
[0;32mI (311) coexist: coex firmware version: b0bcc39[0m
[0;32mI (330) coexist: coexist rom version e7ae62f[0m
[0;32mI (331) main_task: Started on CPU0[0m
[0;32mI (341) main_task: Calling app_main()[0m
ESP32 Starter Project
Guru Meditation Error: Core  0 panic'ed (LoadProhibited). Exception was unhandled.

Core  0 register dump:
PC      : 0x4200c874  PS      : 0x00060e30  A0      : 0x8200c89e  A1      : 0x3fca3550  
A2      : 0x00000001  A3      : 0x3fca49e8  A4      : 0x00000000  A5      : 0x00000006  
A6      : 0x00000000  A7      : 0x3fca4964  A8      : 0x00000000  A9      : 0x3fca3510  
A10     : 0x3fc9dd5c  A11     : 0x00000001  A12     : 0x00000006  A13     : 0x00000000  
A14     : 0x3fca4b98  A15     : 0x3fca34e0  SAR     : 0x0000001e  EXCCAUSE: 0x0000001c  
EXCVADDR: 0x00000044  LBEG    : 0x400570e8  LEND    : 0x400570f3  LCOUNT  : 0x00000000  


Backtrace: 0x4200c871:0x3fca3550 0x4200c89b:0x3fca3570 0x42014187:0x3fca3590 0x4200c30b:0x3fca35b0 0x4200b72d:0x3fca35d0 0x4200b64d:0x3fca3600 0x42051563:0x3fca3620 0x403813c1:0x3fca3650




ELF file SHA256: b972dcfe1

Rebooting...
ESP-ROM:esp32s3-20210327
Build:Mar 27 2021
rst:0xc (RTC_SW_CPU_RST),boot:0x8 (SPI_FAST_FLASH_BOOT)
Saved PC:0x40375b2c
SPIWP:0xee
mode:DIO, clock div:1
load:0x3fce2810,len:0x1564
load:0x403c8700,len:0x4
load:0x403c8704,len:0xd24
load:0x403cb700,len:0x2ed4
entry 0x403c8928
[0;32mI (31) boot: ESP-IDF v5.4.3 2nd stage bootloader[0m
[0;32mI (31) boot: compile time Apr 29 2026 14:08:12[0m
[0;32mI (31) boot: Multicore bootloader[0m
[0;32mI (31) boot: chip revision: v0.2[0m
[0;32mI (34) boot: efuse block revision: v1.3[0m
[0;32mI (38) boot.esp32s3: Boot SPI Speed : 80MHz[0m
[0;32mI (42) boot.esp32s3: SPI Mode       : DIO[0m
[0;32mI (45) boot.esp32s3: SPI Flash Size : 2MB[0m
[0;32mI (49) boot: Enabling RNG early entropy source...[0m
[0;32mI (54) boot: Partition Table:[0m
[0;32mI (56) boot: ## Label            Usage          Type ST Offset   Length[0m
[0;32mI (63) boot:  0 nvs              WiFi data        01 02 00009000 00006000[0m
[0;32mI (69) boot:  1 phy_init         RF data          01 01 0000f000 00001000[0m
[0;32mI (76) boot:  2 factory          factory app      00 00 00010000 00100000[0m
[0;32mI (82) boot: End of partition table[0m
[0;32mI (85) esp_image: segment 0: paddr=00010020 vaddr=3c060020 size=14b4ch ( 84812) map[0m
[0;32mI (108) esp_image: segment 1: paddr=00024b74 vaddr=3fc99600 size=03f84h ( 16260) load[0m
[0;32mI (111) esp_image: segment 2: paddr=00028b00 vaddr=40374000 size=07518h ( 29976) load[0m
[0;32mI (118) esp_image: segment 3: paddr=00030020 vaddr=42000020 size=52118h (336152) map[0m
[0;32mI (178) esp_image: segment 4: paddr=00082140 vaddr=4037b518 size=0e090h ( 57488) load[0m
[0;32mI (191) esp_image: segment 5: paddr=000901d8 vaddr=50000000 size=0001ch (    28) load[0m
[0;32mI (200) boot: Loaded app from partition at offset 0x10000[0m
[0;32mI (200) boot: Disabling RNG early entropy source...[0m
[0;32mI (210) cpu_start: Multicore app[0m
[0;32mI (219) cpu_start: Pro cpu start user code[0m
[0;32mI (219) cpu_start: cpu freq: 160000000 Hz[0m
[0;32mI (219) app_init: Application information:[0m
[0;32mI (219) app_init: Project name:     esp32_dev_template[0m
[0;32mI (224) app_init: App version:      ce40700[0m
[0;32mI (228) app_init: Compile time:     Apr 29 2026 14:39:56[0m
[0;32mI (233) app_init: ELF file SHA256:  b972dcfe1...[0m
[0;32mI (237) app_init: ESP-IDF:          v5.4.3[0m
[0;32mI (241) efuse_init: Min chip rev:     v0.0[0m
[0;32mI (245) efuse_init: Max chip rev:     v0.99 [0m
[0;32mI (249) efuse_init: Chip rev:         v0.2[0m
[0;32mI (253) heap_init: Initializing. RAM available for dynamic allocation:[0m
[0;32mI (259) heap_init: At 3FC9FA40 len 00049CD0 (295 KiB): RAM[0m
[0;32mI (264) heap_init: At 3FCE9710 len 00005724 (21 KiB): RAM[0m
[0;32mI (269) heap_init: At 3FCF0000 len 00008000 (32 KiB): DRAM[0m
[0;32mI (274) heap_init: At 600FE000 len 00001FE8 (7 KiB): RTCRAM[0m
[0;32mI (281) spi_flash: detected chip: boya[0m
[0;32mI (283) spi_flash: flash io: dio[0m
[0;33mW (286) spi_flash: Detected size(16384k) larger than the size in the binary image header(2048k). Using the size in the binary image header.[0m
[0;32mI (299) sleep_gpio: Configure to isolate all GPIO pins in sleep state[0m
[0;32mI (305) sleep_gpio: Enable automatic switching of GPIO sleep configuration[0m
[0;32mI (311) coexist: coex firmware version: b0bcc39[0m
[0;32mI (330) coexist: coexist rom version e7ae62f[0m
[0;32mI (331) main_task: Started on CPU0[0m
[0;32mI (341) main_task: Calling app_main()[0m
ESP32 Starter Project
Guru Meditation Error: Core  0 panic'ed (LoadProhibited). Exception was unhandled.

Core  0 register dump:
PC      : 0x4200c874  PS      : 0x00060e30  A0      : 0x8200c89e  A1      : 0x3fca3550  
A2      : 0x00000001  A3      : 0x3fca49e8  A4      : 0x00000000  A5      : 0x00000006  
A6      : 0x00000000  A7      : 0x3fca4964  A8      : 0x00000000  A9      : 0x3fca3510  
A10     : 0x3fc9dd5c  A11     : 0x00000001  A12     : 0x00000006  A13     : 0x00000000  
A14     : 0x3fca4b98  A15     : 0x3fca34e0  SAR     : 0x0000001e  EXCCAUSE: 0x0000001c  
EXCVADDR: 0x00000044  LBEG    : 0x400570e8  LEND    : 0x400570f3  LCOUNT  : 0x00000000  


Backtrace: 0x4200c871:0x3fca3550 0x4200c89b:0x3fca3570 0x42014187:0x3fca3590 0x4200c30b:0x3fca35b0 0x4200b72d:0x3fca35d0 0x4200b64d:0x3fca3600 0x42051563:0x3fca3620 0x403813c1:0x3fca3650




ELF file SHA256: b972dcfe1

Rebooting...
ESP-ROM:esp32s3-20210327
Build:Mar 27 2021
rst:0xc (RTC_SW_CPU_RST),boot:0x8 (SPI_FAST_FLASH_BOOT)
Saved PC:0x40375b2c
SPIWP:0xee
mode:DIO, clock div:1
load:0x3fce2810,len:0x1564
load:0x403c8700,len:0x4
load:0x403c8704,len:0xd24
load:0x403cb700,len:0x2ed4
entry 0x403c8928
[0;32mI (31) boot: ESP-IDF v5.4.3 2nd stage bootloader[0m
[0;32mI (31) boot: compile time Apr 29 2026 14:08:12[0m
[0;32mI (31) boot: Multicore bootloader[0m
[0;32mI (31) boot: chip revision: v0.2[0m
[0;32mI (34) boot: efuse block revision: v1.3[0m
[0;32mI (38) boot.esp32s3: Boot SPI Speed : 80MHz[0m
[0;32mI (42) boot.esp32s3: SPI Mode       : DIO[0m
[0;32mI (45) boot.esp32s3: SPI Flash Size : 2MB[0m
[0;32mI (49) boot: Enabling RNG early entropy source...[0m
[0;32mI (54) boot: Partition Table:[0m
[0;32mI (56) boot: ## Label            Usage          Type ST Offset   Length[0m
[0;32mI (63) boot:  0 nvs              WiFi data        01 02 00009000 00006000[0m
[0;32mI (69) boot:  1 phy_init         RF data          01 01 0000f000 00001000[0m
[0;32mI (76) boot:  2 factory          factory app      00 00 00010000 00100000[0m
[0;32mI (82) boot: End of partition table[0m
[0;32mI (85) esp_image: segment 0: paddr=00010020 vaddr=3c060020 size=14b4ch ( 84812) map[0m
[0;32mI (108) esp_image: segment 1: paddr=00024b74 vaddr=3fc99600 size=03f84h ( 16260) load[0m
[0;32mI (111) esp_image: segment 2: paddr=00028b00 vaddr=40374000 size=07518h ( 29976) load[0m
[0;32mI (118) esp_image: segment 3: paddr=00030020 vaddr=42000020 size=52118h (336152) map[0m
[0;32mI (178) esp_image: segment 4: paddr=00082140 vaddr=4037b518 size=0e090h ( 57488) load[0m
[0;32mI (191) esp_image: segment 5: paddr=000901d8 vaddr=50000000 size=0001ch (    28) load[0m
[0;32mI (200) boot: Loaded app from partition at offset 0x10000[0m
[0;32mI (200) boot: Disabling RNG early entropy source...[0m
[0;32mI (210) cpu_start: Multicore app[0m
[0;32mI (219) cpu_start: Pro cpu start user code[0m
[0;32mI (219) cpu_start: cpu freq: 160000000 Hz[0m
[0;32mI (219) app_init: Application information:[0m
[0;32mI (219) app_init: Project name:     esp32_dev_template[0m
[0;32mI (224) app_init: App version:      ce40700[0m
[0;32mI (228) app_init: Compile time:     Apr 29 2026 14:39:56[0m
[0;32mI (233) app_init: ELF file SHA256:  b972dcfe1...[0m
[0;32mI (237) app_init: ESP-IDF:          v5.4.3[0m
[0;32mI (241) efuse_init: Min chip rev:     v0.0[0m
[0;32mI (245) efuse_init: Max chip rev:     v0.99 [0m
[0;32mI (249) efuse_init: Chip rev:         v0.2[0m
[0;32mI (253) heap_init: Initializing. RAM available for dynamic allocation:[0m
[0;32mI (259) heap_init: At 3FC9FA40 len 00049CD0 (295 KiB): RAM[0m
[0;32mI (264) heap_init: At 3FCE9710 len 00005724 (21 KiB): RAM[0m
[0;32mI (269) heap_init: At 3FCF0000 len 00008000 (32 KiB): DRAM[0m
[0;32mI (274) heap_init: At 600FE000 len 00001FE8 (7 KiB): RTCRAM[0m
[0;32mI (281) spi_flash: detected chip: boya[0m
[0;32mI (283) spi_flash: flash io: dio[0m
[0;33mW (286) spi_flash: Detected size(16384k) larger than the size in the binary image header(2048k). Using the size in the binary image header.[0m
[0;32mI (299) sleep_gpio: Configure to isolate all GPIO pins in sleep state[0m
[0;32mI (305) sleep_gpio: Enable automatic switching of GPIO sleep configuration[0m
[0;32mI (311) coexist: coex firmware version: b0bcc39[0m
[0;32mI (330) coexist: coexist rom version e7ae62f[0m
[0;32mI (331) main_task: Started on CPU0[0m
[0;32mI (341) main_task: Calling app_main()[0m
ESP32 Starter Project
Guru Meditation Error: Core  0 panic'ed (LoadProhibited). Exception was unhandled.

Core  0 register dump:
PC      : 0x4200c874  PS      : 0x00060e30  A0      : 0x8200c89e  A1      : 0x3fca3550  
A2      : 0x00000001  A3      : 0x3fca49e8  A4      : 0x00000000  A5      : 0x00000006  
A6      : 0x00000000  A7      : 0x3fca4964  A8      : 0x00000000  A9      : 0x3fca3510  
A10     : 0x3fc9dd5c  A11     : 0x00000001  A12     : 0x00000006  A13     : 0x00000000  
A14     : 0x3fca4b98  A15     : 0x3fca34e0  SAR     : 0x0000001e  EXCCAUSE: 0x0000001c  
EXCVADDR: 0x00000044  LBEG    : 0x400570e8  LEND    : 0x400570f3  LCOUNT  : 0x00000000  


Backtrace: 0x4200c871:0x3fca3550 0x4200c89b:0x3fca3570 0x42014187:0x3fca3590 0x4200c30b:0x3fca35b0 0x4200b72d:0x3fca35d0 0x4200b64d:0x3fca3600 0x42051563:0x3fca3620 0x403813c1:0x3fca3650




ELF file SHA256: b972dcfe1

Rebooting...
ESP-ROM:esp32s3-20210327
Build:Mar 27 2021
rst:0xc (RTC_SW_CPU_RST),boot:0x8 (SPI_FAST_FLASH_BOOT)
Saved PC:0x40375b2c
SPIWP:0xee
mode:DIO, clock div:1
load:0x3fce2810,len:0x1564
load:0x403c8700,len:0x4
load:0x403c8704,len:0xd24
load:0x403cb700,len:0x2ed4
entry 0x403c8928
[0;32mI (31) boot: ESP-IDF v5.4.3 2nd stage bootloader[0m
[0;32mI (31) boot: compile time Apr 29 2026 14:08:12[0m
[0;32mI (31) boot: Multicore bootloader[0m
[0;32mI (31) boot: chip revision: v0.2[0m
[0;32mI (34) boot: efuse block revision: v1.3[0m
[0;32mI (38) boot.esp32s3: Boot SPI Speed : 80MHz[0m
[0;32mI (42) boot.esp32s3: SPI Mode       : DIO[0m
[0;32mI (45) boot.esp32s3: SPI Flash Size : 2MB[0m
[0;32mI (49) boot: Enabling RNG early entropy source...[0m
[0;32mI (54) boot: Partition Table:[0m
[0;32mI (56) boot: ## Label            Usage          Type ST Offset   Length[0m
[0;32mI (63) boot:  0 nvs              WiFi data        01 02 00009000 00006000[0m
[0;32mI (69) boot:  1 phy_init         RF data          01 01 0000f000 00001000[0m
[0;32mI (76) boot:  2 factory          factory app      00 00 00010000 00100000[0m
[0;32mI (82) boot: End of partition table[0m
[0;32mI (85) esp_image: segment 0: paddr=00010020 vaddr=3c060020 size=14b4ch ( 84812) map[0m
[0;32mI (108) esp_image: segment 1: paddr=00024b74 vaddr=3fc99600 size=03f84h ( 16260) load[0m
[0;32mI (111) esp_image: segment 2: paddr=00028b00 vaddr=40374000 size=07518h ( 29976) load[0m
[0;32mI (118) esp_image: segment 3: paddr=00030020 vaddr=42000020 size=52118h (336152) map[0m
[0;32mI (178) esp_image: segment 4: paddr=00082140 vaddr=4037b518 size=0e090h ( 57488) load[0m
[0;32mI (191) esp_image: segment 5: paddr=000901d8 vaddr=50000000 size=0001ch (    28) load[0m
[0;32mI (200) boot: Loaded app from partition at offset 0x10000[0m
[0;32mI (200) boot: Disabling RNG early entropy source...[0m
[0;32mI (210) cpu_start: Multicore app[0m
[0;32mI (219) cpu_start: Pro cpu start user code[0m
[0;32mI (219) cpu_start: cpu freq: 160000000 Hz[0m
[0;32mI (219) app_init: Application information:[0m
[0;32mI (219) app_init: Project name:     esp32_dev_template[0m
[0;32mI (224) app_init: App version:      ce40700[0m
[0;32mI (228) app_init: Compile time:     Apr 29 2026 14:39:56[0m
[0;32mI (233) app_init: ELF file SHA256:  b972dcfe1...[0m
[0;32mI (237) app_init: ESP-IDF:          v5.4.3[0m
[0;32mI (241) efuse_init: Min chip rev:     v0.0[0m
[0;32mI (245) efuse_init: Max chip rev:     v0.99 [0m
[0;32mI (249) efuse_init: Chip rev:         v0.2[0m
[0;32mI (253) heap_init: Initializing. RAM available for dynamic allocation:[0m
[0;32mI (259) heap_init: At 3FC9FA40 len 00049CD0 (295 KiB): RAM[0m
[0;32mI (264) heap_init: At 3FCE9710 len 00005724 (21 KiB): RAM[0m
[0;32mI (269) heap_init: At 3FCF0000 len 00008000 (32 KiB): DRAM[0m
[0;32mI (274) heap_init: At 600FE000 len 00001FE8 (7 KiB): RTCRAM[0m
[0;32mI (281) spi_flash: detected chip: boya[0m
[0;32mI (283) spi_flash: flash io: dio[0m
[0;33mW (286) spi_flash: Detected size(16384k) larger than the size in the binary image header(2048k). Using the size in the binary image header.[0m
[0;32mI (299) sleep_gpio: Configure to isolate all GPIO pins in sleep state[0m
[0;32mI (305) sleep_gpio: Enable automatic switching of GPIO sleep configuration[0m
[0;32mI (311) coexist: coex firmware version: b0bcc39[0m
[0;32mI (330) coexist: coexist rom version e7ae62f[0m
[0;32mI (331) main_task: Started on CPU0[0m
[0;32mI (341) main_task: Calling app_main()[0m
ESP32 Starter Project
Guru Meditation Error: Core  0 panic'ed (LoadProhibited). Exception was unhandled.

Core  0 register dump:
PC      : 0x4200c874  PS      : 0x00060e30  A0      : 0x8200c89e  A1      : 0x3fca3550  
A2      : 0x00000001  A3      : 0x3fca49e8  A4      : 0x00000000  A5      : 0x00000006  
A6      : 0x00000000  A7      : 0x3fca4964  A8      : 0x00000000  A9      : 0x3fca3510  
A10     : 0x3fc9dd5c  A11     : 0x00000001  A12     : 0x00000006  A13     : 0x00000000  
A14     : 0x3fca4b98  A15     : 0x3fca34e0  SAR     : 0x0000001e  EXCCAUSE: 0x0000001c  
EXCVADDR: 0x00000044  LBEG    : 0x400570e8  LEND    : 0x400570f3  LCOUNT  : 0x00000000  


Backtrace: 0x4200c871:0x3fca3550 0x4200c89b:0x3fca3570 0x42014187:0x3fca3590 0x4200c30b:0x3fca35b0 0x4200b72d:0x3fca35d0 0x4200b64d:0x3fca3600 0x42051563:0x3fca3620 0x403813c1:0x3fca3650




ELF file SHA256: b972dcfe1

Rebooting...
ESP-ROM:esp32s3-20210327
Build:Mar 27 2021
rst:0xc (RTC_SW_CPU_RST),boot:0x8 (SPI_FAST_FLASH_BOOT)
Saved PC:0x40375b2c
SPIWP:0xee
mode:DIO, clock div:1
load:0x3fce2810,len:0x1564
load:0x403c8700,len:0x4
load:0x403c8704,len:0xd24
load:0x403cb700,len:0x2ed4
entry 0x403c8928
[0;32mI (31) boot: ESP-IDF v5.4.3 2nd stage bootloader[0m
[0;32mI (31) boot: compile time Apr 29 2026 14:08:12[0m
[0;32mI (31) boot: Multicore bootloader[0m
[0;32mI (31) boot: chip revision: v0.2[0m
[0;32mI (34) boot: efuse block revision: v1.3[0m
[0;32mI (38) boot.esp32s3: Boot SPI Speed : 80MHz[0m
[0;32mI (42) boot.esp32s3: SPI Mode       : DIO[0m
[0;32mI (45) boot.esp32s3: SPI Flash Size : 2MB[0m
[0;32mI (49) boot: Enabling RNG early entropy source...[0m
[0;32mI (54) boot: Partition Table:[0m
[0;32mI (56) boot: ## Label            Usage          Type ST Offset   Length[0m
[0;32mI (63) boot:  0 nvs              WiFi data        01 02 00009000 00006000[0m
[0;32mI (69) boot:  1 phy_init         RF data          01 01 0000f000 00001000[0m
[0;32mI (76) boot:  2 factory          factory app      00 00 00010000 00100000[0m
[0;32mI (82) boot: End of partition table[0m
[0;32mI (85) esp_image: segment 0: paddr=00010020 vaddr=3c060020 size=14b4ch ( 84812) map[0m
[0;32mI (108) esp_image: segment 1: paddr=00024b74 vaddr=3fc99600 size=03f84h ( 16260) load[0m
[0;32mI (111) esp_image: segment 2: paddr=00028b00 vaddr=40374000 size=07518h ( 29976) load[0m
[0;32mI (118) esp_image: segment 3: paddr=00030020 vaddr=42000020 size=52118h (336152) map[0m
[0;32mI (178) esp_image: segment 4: paddr=00082140 vaddr=4037b518 size=0e090h ( 57488) load[0m
[0;32mI (191) esp_image: segment 5: paddr=000901d8 vaddr=50000000 size=0001ch (    28) load[0m
[0;32mI (200) boot: Loaded app from partition at offset 0x10000[0m
[0;32mI (200) boot: Disabling RNG early entropy source...[0m
[0;32mI (210) cpu_start: Multicore app[0m
[0;32mI (219) cpu_start: Pro cpu start user code[0m
[0;32mI (219) cpu_start: cpu freq: 160000000 Hz[0m
[0;32mI (219) app_init: Application information:[0m
[0;32mI (219) app_init: Project name:     esp32_dev_template[0m
[0;32mI (224) app_init: App version:      ce40700[0m
[0;32mI (228) app_init: Compile time:     Apr 29 2026 14:39:56[0m
[0;32mI (233) app_init: ELF file SHA256:  b972dcfe1...[0m
[0;32mI (237) app_init: ESP-IDF:          v5.4.3[0m
[0;32mI (241) efuse_init: Min chip rev:     v0.0[0m
[0;32mI (245) efuse_init: Max chip rev:     v0.99 [0m
[0;32mI (249) efuse_init: Chip rev:         v0.2[0m
[0;32mI (253) heap_init: Initializing. RAM available for dynamic allocation:[0m
[0;32mI (259) heap_init: At 3FC9FA40 len 00049CD0 (295 KiB): RAM[0m
[0;32mI (264) heap_init: At 3FCE9710 len 00005724 (21 KiB): RAM[0m
[0;32mI (269) heap_init: At 3FCF0000 len 00008000 (32 KiB): DRAM[0m
[0;32mI (274) heap_init: At 600FE000 len 00001FE8 (7 KiB): RTCRAM[0m
[0;32mI (281) spi_flash: detected chip: boya[0m
[0;32mI (283) spi_flash: flash io: dio[0m
[0;33mW (286) spi_flash: Detected size(16384k) larger than the size in the binary image header(2048k). Using the size in the binary image header.[0m
[0;32mI (299) sleep_gpio: Configure to isolate all GPIO pins in sleep state[0m
[0;32mI (305) sleep_gpio: Enable automatic switching of GPIO sleep configuration[0m
[0;32mI (311) coexist: coex firmware version: b0bcc39[0m
[0;32mI (330) coexist: coexist rom version e7ae62f[0m
[0;32mI (331) main_task: Started on CPU0[0m
[0;32mI (341) main_task: Calling app_main()[0m
ESP32 Starter Project
Guru Meditation Error: Core  0 panic'ed (LoadProhibited). Exception was unhandled.

Core  0 register dump:
PC      : 0x4200c874  PS      : 0x00060e30  A0      : 0x8200c89e  A1      : 0x3fca3550  
A2      : 0x00000001  A3      : 0x3fca49e8  A4      : 0x00000000  A5      : 0x00000006  
A6      : 0x00000000  A7      : 0x3fca4964  A8      : 0x00000000  A9      : 0x3fca3510  
A10     : 0x3fc9dd5c  A11     : 0x00000001  A12     : 0x00000006  A13     : 0x00000000  
A14     : 0x3fca4b98  A15     : 0x3fca34e0  SAR     : 0x0000001e  EXCCAUSE: 0x0000001c  
EXCVADDR: 0x00000044  LBEG    : 0x400570e8  LEND    : 0x400570f3  LCOUNT  : 0x00000000  


Backtrace: 0x4200c871:0x3fca3550 0x4200c89b:0x3fca3570 0x42014187:0x3fca3590 0x4200c30b:0x3fca35b0 0x4200b72d:0x3fca35d0 0x4200b64d:0x3fca3600 0x42051563:0x3fca3620 0x403813c1:0x3fca3650




ELF file SHA256: b972dcfe1

Rebooting...
ESP-ROM:esp32s3-20210327
Build:Mar 27 2021
rst:0xc (RTC_SW_CPU_RST),boot:0x8 (SPI_FAST_FLASH_BOOT)
Saved PC:0x40375b2c
SPIWP:0xee
mode:DIO, clock div:1
load:0x3fce2810,len:0x1564
load:0x403c8700,len:0x4
load:0x403c8704,len:0xd24
load:0x403cb700,len:0x2ed4
entry 0x403c8928
[0;32mI (31) boot: ESP-IDF v5.4.3 2nd stage bootloader[0m
[0;32mI (31) boot: compile time Apr 29 2026 14:08:12[0m
[0;32mI (31) boot: Multicore bootloader[0m
[0;32mI (31) boot: chip revision: v0.2[0m
[0;32mI (34) boot: efuse block revision: v1.3[0m
[0;32mI (38) boot.esp32s3: Boot SPI Speed : 80MHz[0m
[0;32mI (42) boot.esp32s3: SPI Mode       : DIO[0m
[0;32mI (45) boot.esp32s3: SPI Flash Size : 2MB[0m
[0;32mI (49) boot: Enabling RNG early entropy source...[0m
[0;32mI (54) boot: Partition Table:[0m
[0;32mI (56) boot: ## Label            Usage          Type ST Offset   Length[0m
[0;32mI (63) boot:  0 nvs              WiFi data        01 02 00009000 00006000[0m
[0;32mI (69) boot:  1 phy_init         RF data          01 01 0000f000 00001000[0m
[0;32mI (76) boot:  2 factory          factory app      00 00 00010000 00100000[0m
[0;32mI (82) boot: End of partition table[0m
[0;32mI (85) esp_image: segment 0: paddr=00010020 vaddr=3c060020 size=14b4ch ( 84812) map[0m
[0;32mI (108) esp_image: segment 1: paddr=00024b74 vaddr=3fc99600 size=03f84h ( 16260) load[0m
[0;32mI (111) esp_image: segment 2: paddr=00028b00 vaddr=40374000 size=07518h ( 29976) load[0m
[0;32mI (118) esp_image: segment 3: paddr=00030020 vaddr=42000020 size=52118h (336152) map[0m
[0;32mI (178) esp_image: segment 4: paddr=00082140 vaddr=4037b518 size=0e090h ( 57488) load[0m
[0;32mI (191) esp_image: segment 5: paddr=000901d8 vaddr=50000000 size=0001ch (    28) load[0m
[0;32mI (200) boot: Loaded app from partition at offset 0x10000[0m
[0;32mI (200) boot: Disabling RNG early entropy source...[0m
[0;32mI (210) cpu_start: Multicore app[0m
[0;32mI (219) cpu_start: Pro cpu start user code[0m
[0;32mI (219) cpu_start: cpu freq: 160000000 Hz[0m
[0;32mI (219) app_init: Application information:[0m
[0;32mI (219) app_init: Project name:     esp32_dev_template[0m
[0;32mI (224) app_init: App version:      ce40700[0m
[0;32mI (228) app_init: Compile time:     Apr 29 2026 14:39:56[0m
[0;32mI (233) app_init: ELF file SHA256:  b972dcfe1...[0m
[0;32mI (237) app_init: ESP-IDF:          v5.4.3[0m
[0;32mI (241) efuse_init: Min chip rev:     v0.0[0m
[0;32mI (245) efuse_init: Max chip rev:     v0.99 [0m
[0;32mI (249) efuse_init: Chip rev:         v0.2[0m
[0;32mI (253) heap_init: Initializing. RAM available for dynamic allocation:[0m
[0;32mI (259) heap_init: At 3FC9FA40 len 00049CD0 (295 KiB): RAM[0m
[0;32mI (264) heap_init: At 3FCE9710 len 00005724 (21 KiB): RAM[0m
[0;32mI (269) heap_init: At 3FCF0000 len 00008000 (32 KiB): DRAM[0m
[0;32mI (274) heap_init: At 600FE000 len 00001FE8 (7 KiB): RTCRAM[0m
[0;32mI (281) spi_flash: detected chip: boya[0m
[0;32mI (283) spi_flash: flash io: dio[0m
[0;33mW (286) spi_flash: Detected size(16384k) larger than the size in the binary image header(2048k). Using the size in the binary image header.[0m
[0;32mI (299) sleep_gpio: Configure to isolate all GPIO pins in sleep state[0m
[0;32mI (305) sleep_gpio: Enable automatic switching of GPIO sleep configuration[0m
[0;32mI (311) coexist: coex firmware version: b0bcc39[0m
[0;32mI (330) coexist: coexist rom version e7ae62f[0m
[0;32mI (331) main_task: Started on CPU0[0m
[0;32mI (341) main_task: Calling app_main()[0m
ESP32 Starter Project
Guru Meditation Error: Core  0 panic'ed (LoadProhibited). Exception was unhandled.

Core  0 register dump:
PC      : 0x4200c874  PS      : 0x00060e30  A0      : 0x8200c89e  A1      : 0x3fca3550  
A2      : 0x00000001  A3      : 0x3fca49e8  A4      : 0x00000000  A5      : 0x00000006  
A6      : 0x00000000  A7      : 0x3fca4964  A8      : 0x00000000  A9      : 0x3fca3510  
A10     : 0x3fc9dd5c  A11     : 0x00000001  A12     : 0x00000006  A13     : 0x00000000  
A14     : 0x3fca4b98  A15     : 0x3fca34e0  SAR     : 0x0000001e  EXCCAUSE: 0x0000001c  
EXCVADDR: 0x00000044  LBEG    : 0x400570e8  LEND    : 0x400570f3  LCOUNT  : 0x00000000  


Backtrace: 0x4200c871:0x3fca3550 0x4200c89b:0x3fca3570 0x42014187:0x3fca3590 0x4200c30b:0x3fca35b0 0x4200b72d:0x3fca35d0 0x4200b64d:0x3fca3600 0x42051563:0x3fca3620 0x403813c1:0x3fca3650




ELF file SHA256: b972dcfe1

Rebooting...
ESP-ROM:esp32s3-20210327
Build:Mar 27 2021
rst:0xc (RTC_SW_CPU_RST),boot:0x8 (SPI_FAST_FLASH_BOOT)
Saved PC:0x40375b2c
SPIWP:0xee
mode:DIO, clock div:1
load:0x3fce2810,len:0x1564
load:0x403c8700,len:0x4
load:0x403c8704,len:0xd24
load:0x403cb700,len:0x2ed4
entry 0x403c8928
[0;32mI (31) boot: ESP-IDF v5.4.3 2nd stage bootloader[0m
[0;32mI (31) boot: compile time Apr 29 2026 14:08:12[0m
[0;32mI (31) boot: Multicore bootloader[0m
[0;32mI (31) boot: chip revision: v0.2[0m
[0;32mI (34) boot: efuse block revision: v1.3[0m
[0;32mI (38) boot.esp32s3: Boot SPI Speed : 80MHz[0m
[0;32mI (42) boot.esp32s3: SPI Mode       : DIO[0m
[0;32mI (45) boot.esp32s3: SPI Flash Size : 2MB[0m
[0;32mI (49) boot: Enabling RNG early entropy source...[0m
[0;32mI (54) boot: Partition Table:[0m
[0;32mI (56) boot: ## Label            Usage          Type ST Offset   Length[0m
[0;32mI (63) boot:  0 nvs              WiFi data        01 02 00009000 00006000[0m
[0;32mI (69) boot:  1 phy_init         RF data          01 01 0000f000 00001000[0m
[0;32mI (76) boot:  2 factory          factory app      00 00 00010000 00100000[0m
[0;32mI (82) boot: End of partition table[0m
[0;32mI (85) esp_image: segment 0: paddr=00010020 vaddr=3c060020 size=14b4ch ( 84812) map[0m
[0;32mI (108) esp_image: segment 1: paddr=00024b74 vaddr=3fc99600 size=03f84h ( 16260) load[0m
[0;32mI (111) esp_image: segment 2: paddr=00028b00 vaddr=40374000 size=07518h ( 29976) load[0m
[0;32mI (118) esp_image: segment 3: paddr=00030020 vaddr=42000020 size=52118h (336152) map[0m
[0;32mI (178) esp_image: segment 4: paddr=00082140 vaddr=4037b518 size=0e090h ( 57488) load[0m
[0;32mI (191) esp_image: segment 5: paddr=000901d8 vaddr=50000000 size=0001ch (    28) load[0m
[0;32mI (200) boot: Loaded app from partition at offset 0x10000[0m
[0;32mI (200) boot: Disabling RNG early entropy source...[0m
[0;32mI (210) cpu_start: Multicore app[0m
[0;32mI (219) cpu_start: Pro cpu start user code[0m
[0;32mI (219) cpu_start: cpu freq: 160000000 Hz[0m
[0;32mI (219) app_init: Application information:[0m
[0;32mI (219) app_init: Project name:     esp32_dev_template[0m
[0;32mI (224) app_init: App version:      ce40700[0m
[0;32mI (228) app_init: Compile time:     Apr 29 2026 14:39:56[0m
[0;32mI (233) app_init: ELF file SHA256:  b972dcfe1...[0m
[0;32mI (237) app_init: ESP-IDF:          v5.4.3[0m
[0;32mI (241) efuse_init: Min chip rev:     v0.0[0m
[0;32mI (245) efuse_init: Max chip rev:     v0.99 [0m
[0;32mI (249) efuse_init: Chip rev:         v0.2[0m
[0;32mI (253) heap_init: Initializing. RAM available for dynamic allocation:[0m
[0;32mI (259) heap_init: At 3FC9FA40 len 00049CD0 (295 KiB): RAM[0m
[0;32mI (264) heap_init: At 3FCE9710 len 00005724 (21 KiB): RAM[0m
[0;32mI (269) heap_init: At 3FCF0000 len 00008000 (32 KiB): DRAM[0m
[0;32mI (274) heap_init: At 600FE000 len 00001FE8 (7 KiB): RTCRAM[0m
[0;32mI (281) spi_flash: detected chip: boya[0m
[0;32mI (283) spi_flash: flash io: dio[0m
[0;33mW (286) spi_flash: Detected size(16384k) larger than the size in the binary image header(2048k). Using the size in the binary image header.[0m
[0;32mI (299) sleep_gpio: Configure to isolate all GPIO pins in sleep state[0m
[0;32mI (305) sleep_gpio: Enable automatic switching of GPIO sleep configuration[0m
[0;32mI (311) coexist: coex firmware version: b0bcc39[0m
[0;32mI (330) coexist: coexist rom version e7ae62f[0m
[0;32mI (331) main_task: Started on CPU0[0m
[0;32mI (341) main_task: Calling app_main()[0m
ESP32 Starter Project
Guru Meditation Error: Core  0 panic'ed (LoadProhibited). Exception was unhandled.

Core  0 register dump:
PC      : 0x4200c874  PS      : 0x00060e30  A0      : 0x8200c89e  A1      : 0x3fca3550  
A2      : 0x00000001  A3      : 0x3fca49e8  A4      : 0x00000000  A5      : 0x00000006  
A6      : 0x00000000  A7      : 0x3fca4964  A8      : 0x00000000  A9      : 0x3fca3510  
A10     : 0x3fc9dd5c  A11     : 0x00000001  A12     : 0x00000006  A13     : 0x00000000  
A14     : 0x3fca4b98  A15     : 0x3fca34e0  SAR     : 0x0000001e  EXCCAUSE: 0x0000001c  
EXCVADDR: 0x00000044  LBEG    : 0x400570e8  LEND    : 0x400570f3  LCOUNT  : 0x00000000  


Backtrace: 0x4200c871:0x3fca3550 0x4200c89b:0x3fca3570 0x42014187:0x3fca3590 0x4200c30b:0x3fca35b0 0x4200b72d:0x3fca35d0 0x4200b64d:0x3fca3600 0x42051563:0x3fca3620 0x403813c1:0x3fca3650




ELF file SHA256: b972dcfe1

Rebooting...
ESP-ROM:esp32s3-20210327
Build:Mar 27 2021
rst:0xc (RTC_SW_CPU_RST),boot:0x8 (SPI_FAST_FLASH_BOOT)
Saved PC:0x40375b2c
SPIWP:0xee
mode:DIO, clock div:1
load:0x3fce2810,len:0x1564
load:0x403c8700,len:0x4
load:0x403c8704,len:0xd24
load:0x403cb700,len:0x2ed4
entry 0x403c8928
[0;32mI (31) boot: ESP-IDF v5.4.3 2nd stage bootloader[0m
[0;32mI (31) boot: compile time Apr 29 2026 14:08:12[0m
[0;32mI (31) boot: Multicore bootloader[0m
[0;32mI (31) boot: chip revision: v0.2[0m
[0;32mI (34) boot: efuse block revision: v1.3[0m
[0;32mI (38) boot.esp32s3: Boot SPI Speed : 80MHz[0m
[0;32mI (42) boot.esp32s3: SPI Mode       : DIO[0m
[0;32mI (45) boot.esp32s3: SPI Flash Size : 2MB[0m
[0;32mI (49) boot: Enabling RNG early entropy source...[0m
[0;32mI (54) boot: Partition Table:[0m
[0;32mI (56) boot: ## Label            Usage          Type ST Offset   Length[0m
[0;32mI (63) boot:  0 nvs              WiFi data        01 02 00009000 00006000[0m
[0;32mI (69) boot:  1 phy_init         RF data          01 01 0000f000 00001000[0m
[0;32mI (76) boot:  2 factory          factory app      00 00 00010000 00100000[0m
[0;32mI (82) boot: End of partition table[0m
[0;32mI (85) esp_image: segment 0: paddr=00010020 vaddr=3c060020 size=14b4ch ( 84812) map[0m
[0;32mI (108) esp_image: segment 1: paddr=00024b74 vaddr=3fc99600 size=03f84h ( 16260) load[0m
[0;32mI (111) esp_image: segment 2: paddr=00028b00 vaddr=40374000 size=07518h ( 29976) load[0m
[0;32mI (118) esp_image: segment 3: paddr=00030020 vaddr=42000020 size=52118h (336152) map[0m
[0;32mI (178) esp_image: segment 4: paddr=00082140 vaddr=4037b518 size=0e090h ( 57488) load[0m
[0;32mI (191) esp_image: segment 5: paddr=000901d8 vaddr=50000000 size=0001ch (    28) load[0m
[0;32mI (200) boot: Loaded app from partition at offset 0x10000[0m
[0;32mI (200) boot: Disabling RNG early entropy source...[0m
[0;32mI (210) cpu_start: Multicore app[0m
[0;32mI (219) cpu_start: Pro cpu start user code[0m
[0;32mI (219) cpu_start: cpu freq: 160000000 Hz[0m
[0;32mI (219) app_init: Application information:[0m
[0;32mI (219) app_init: Project name:     esp32_dev_template[0m
[0;32mI (224) app_init: App version:      ce40700[0m
[0;32mI (228) app_init: Compile time:     Apr 29 2026 14:39:56[0m
[0;32mI (233) app_init: ELF file SHA256:  b972dcfe1...[0m
[0;32mI (237) app_init: ESP-IDF:          v5.4.3[0m
[0;32mI (241) efuse_init: Min chip rev:     v0.0[0m
[0;32mI (245) efuse_init: Max chip rev:     v0.99 [0m
[0;32mI (249) efuse_init: Chip rev:         v0.2[0m
[0;32mI (253) heap_init: Initializing. RAM available for dynamic allocation:[0m
[0;32mI (259) heap_init: At 3FC9FA40 len 00049CD0 (295 KiB): RAM[0m
[0;32mI (264) heap_init: At 3FCE9710 len 00005724 (21 KiB): RAM[0m
[0;32mI (269) heap_init: At 3FCF0000 len 00008000 (32 KiB): DRAM[0m
[0;32mI (274) heap_init: At 600FE000 len 00001FE8 (7 KiB): RTCRAM[0m
[0;32mI (281) spi_flash: detected chip: boya[0m
[0;32mI (283) spi_flash: flash io: dio[0m
[0;33mW (286) spi_flash: Detected size(16384k) larger than the size in the binary image header(2048k). Using the size in the binary image header.[0m
[0;32mI (299) sleep_gpio: Configure to isolate all GPIO pins in sleep state[0m
[0;32mI (305) sleep_gpio: Enable automatic switching of GPIO sleep configuration[0m
[0;32mI (311) coexist: coex firmware version: b0bcc39[0m
[0;32mI (330) coexist: coexist rom version e7ae62f[0m
[0;32mI (331) main_task: Started on CPU0[0m
[0;32mI (341) main_task: Calling app_main()[0m
ESP32 Starter Project
Guru Meditation Error: Core  0 panic'ed (LoadProhibited). Exception was unhandled.

Core  0 register dump:
PC      : 0x4200c874  PS      : 0x00060e30  A0      : 0x8200c89e  A1      : 0x3fca3550  
A2      : 0x00000001  A3      : 0x3fca49e8  A4      : 0x00000000  A5      : 0x00000006  
A6      : 0x00000000  A7      : 0x3fca4964  A8      : 0x00000000  A9      : 0x3fca3510  
A10     : 0x3fc9dd5c  A11     : 0x00000001  A12     : 0x00000006  A13     : 0x00000000  
A14     : 0x3fca4b98  A15     : 0x3fca34e0  SAR     : 0x0000001e  EXCCAUSE: 0x0000001c  
EXCVADDR: 0x00000044  LBEG    : 0x400570e8  LEND    : 0x400570f3  LCOUNT  : 0x00000000  


Backtrace: 0x4200c871:0x3fca3550 0x4200c89b:0x3fca3570 0x42014187:0x3fca3590 0x4200c30b:0x3fca35b0 0x4200b72d:0x3fca35d0 0x4200b64d:0x3fca3600 0x42051563:0x3fca3620 0x403813c1:0x3fca3650




ELF file SHA256: b972dcfe1

Rebooting...
ESP-ROM:esp32s3-20210327
Build:Mar 27 2021
rst:0xc (RTC_SW_CPU_RST),boot:0x8 (SPI_FAST_FLASH_BOOT)
Saved PC:0x40375b2c
SPIWP:0xee
mode:DIO, clock div:1
load:0x3fce2810,len:0x1564
load:0x403c8700,len:0x4
load:0x403c8704,len:0xd24
load:0x403cb700,len:0x2ed4
entry 0x403c8928
[0;32mI (31) boot: ESP-IDF v5.4.3 2nd stage bootloader[0m
[0;32mI (31) boot: compile time Apr 29 2026 14:08:12[0m
[0;32mI (31) boot: Multicore bootloader[0m
[0;32mI (31) boot: chip revision: v0.2[0m
[0;32mI (34) boot: efuse block revision: v1.3[0m
[0;32mI (38) boot.esp32s3: Boot SPI Speed : 80MHz[0m
[0;32mI (42) boot.esp32s3: SPI Mode       : DIO[0m
[0;32mI (45) boot.esp32s3: SPI Flash Size : 2MB[0m
[0;32mI (49) boot: Enabling RNG early entropy source...[0m
[0;32mI (54) boot: Partition Table:[0m
[0;32mI (56) boot: ## Label            Usage          Type ST Offset   Length[0m
[0;32mI (63) boot:  0 nvs              WiFi data        01 02 00009000 00006000[0m
[0;32mI (69) boot:  1 phy_init         RF data          01 01 0000f000 00001000[0m
[0;32mI (76) boot:  2 factory          factory app      00 00 00010000 00100000[0m
[0;32mI (82) boot: End of partition table[0m
[0;32mI (85) esp_image: segment 0: paddr=00010020 vaddr=3c060020 size=14b4ch ( 84812) map[0m
[0;32mI (108) esp_image: segment 1: paddr=00024b74 vaddr=3fc99600 size=03f84h ( 16260) load[0m
[0;32mI (111) esp_image: segment 2: paddr=00028b00 vaddr=40374000 size=07518h ( 29976) load[0m
[0;32mI (118) esp_image: segment 3: paddr=00030020 vaddr=42000020 size=52118h (336152) map[0m
[0;32mI (178) esp_image: segment 4: paddr=00082140 vaddr=4037b518 size=0e090h ( 57488) load[0m
[0;32mI (191) esp_image: segment 5: paddr=000901d8 vaddr=50000000 size=0001ch (    28) load[0m
[0;32mI (200) boot: Loaded app from partition at offset 0x10000[0m
[0;32mI (200) boot: Disabling RNG early entropy source...[0m
[0;32mI (210) cpu_start: Multicore app[0m
[0;32mI (219) cpu_start: Pro cpu start user code[0m
[0;32mI (219) cpu_start: cpu freq: 160000000 Hz[0m
[0;32mI (219) app_init: Application information:[0m
[0;32mI (219) app_init: Project name:     esp32_dev_template[0m
[0;32mI (224) app_init: App version:      ce40700[0m
[0;32mI (228) app_init: Compile time:     Apr 29 2026 14:39:56[0m
[0;32mI (233) app_init: ELF file SHA256:  b972dcfe1...[0m
[0;32mI (237) app_init: ESP-IDF:          v5.4.3[0m
[0;32mI (241) efuse_init: Min chip rev:     v0.0[0m
[0;32mI (245) efuse_init: Max chip rev:     v0.99 [0m
[0;32mI (249) efuse_init: Chip rev:         v0.2[0m
[0;32mI (253) heap_init: Initializing. RAM available for dynamic allocation:[0m
[0;32mI (259) heap_init: At 3FC9FA40 len 00049CD0 (295 KiB): RAM[0m
[0;32mI (264) heap_init: At 3FCE9710 len 00005724 (21 KiB): RAM[0m
[0;32mI (269) heap_init: At 3FCF0000 len 00008000 (32 KiB): DRAM[0m
[0;32mI (274) heap_init: At 600FE000 len 00001FE8 (7 KiB): RTCRAM[0m
[0;32mI (281) spi_flash: detected chip: boya[0m
[0;32mI (283) spi_flash: flash io: dio[0m
[0;33mW (286) spi_flash: Detected size(16384k) larger than the size in the binary image header(2048k). Using the size in the binary image header.[0m
[0;32mI (299) sleep_gpio: Configure to isolate all GPIO pins in sleep state[0m
[0;32mI (305) sleep_gpio: Enable automatic switching of GPIO sleep configuration[0m
[0;32mI (311) coexist: coex firmware version: b0bcc39[0m
[0;32mI (330) coexist: coexist rom version e7ae62f[0m
[0;32mI (331) main_task: Started on CPU0[0m
[0;32mI (341) main_task: Calling app_main()[0m
ESP32 Starter Project
Guru Meditation Error: Core  0 panic'ed (LoadProhibited). Exception was unhandled.

Core  0 register dump:
PC      : 0x4200c874  PS      : 0x00060e30  A0      : 0x8200c89e  A1      : 0x3fca3550  
A2      : 0x00000001  A3      : 0x3fca49e8  A4      : 0x00000000  A5      : 0x00000006  
A6      : 0x00000000  A7      : 0x3fca4964  A8      : 0x00000000  A9      : 0x3fca3510  
A10     : 0x3fc9dd5c  A11     : 0x00000001  A12     : 0x00000006  A13     : 0x00000000  
A14     : 0x3fca4b98  A15     : 0x3fca34e0  SAR     : 0x0000001e  EXCCAUSE: 0x0000001c  
EXCVADDR: 0x00000044  LBEG    : 0x400570e8  LEND    : 0x400570f3  LCOUNT  : 0x00000000  


Backtrace: 0x4200c871:0x3fca3550 0x4200c89b:0x3fca3570 0x42014187:0x3fca3590 0x4200c30b:0x3fca35b0 0x4200b72d:0x3fca35d0 0x4200b64d:0x3fca3600 0x42051563:0x3fca3620 0x403813c1:0x3fca3650




ELF file SHA256: b972dcfe1

Rebooting...
ESP-ROM:esp32s3-20210327
Build:Mar 27 2021
rst:0xc (RTC_SW_CPU_RST),boot:0x8 (SPI_FAST_FLASH_BOOT)
Saved PC:0x40375b2c
SPIWP:0xee
mode:DIO, clock div:1
load:0x3fce2810,len:0x1564
load:0x403c8700,len:0x4
load:0x403c8704,len:0xd24
load:0x403cb700,len:0x2ed4
entry 0x403c8928
[0;32mI (31) boot: ESP-IDF v5.4.3 2nd stage bootloader[0m
[0;32mI (31) boot: compile time Apr 29 2026 14:08:12[0m
[0;32mI (31) boot: Multicore bootloader[0m
[0;32mI (31) boot: chip revision: v0.2[0m
[0;32mI (34) boot: efuse block revision: v1.3[0m
[0;32mI (38) boot.esp32s3: Boot SPI Speed : 80MHz[0m
[0;32mI (42) boot.esp32s3: SPI Mode       : DIO[0m
[0;32mI (45) boot.esp32s3: SPI Flash Size : 2MB[0m
[0;32mI (49) boot: Enabling RNG early entropy source...[0m
[0;32mI (54) boot: Partition Table:[0m
[0;32mI (56) boot: ## Label            Usage          Type ST Offset   Length[0m
[0;32mI (63) boot:  0 nvs              WiFi data        01 02 00009000 00006000[0m
[0;32mI (69) boot:  1 phy_init         RF data          01 01 0000f000 00001000[0m
[0;32mI (76) boot:  2 factory          factory app      00 00 00010000 00100000[0m
[0;32mI (82) boot: End of partition table[0m
[0;32mI (85) esp_image: segment 0: paddr=00010020 vaddr=3c060020 size=14b4ch ( 84812) map[0m
[0;32mI (108) esp_image: segment 1: paddr=00024b74 vaddr=3fc99600 size=03f84h ( 16260) load[0m
[0;32mI (111) esp_image: segment 2: paddr=00028b00 vaddr=40374000 size=07518h ( 29976) load[0m
[0;32mI (118) esp_image: segment 3: paddr=00030020 vaddr=42000020 size=52118h (336152) map[0m
[0;32mI (178) esp_image: segment 4: paddr=00082140 vaddr=4037b518 size=0e090h ( 57488) load[0m
[0;32mI (191) esp_image: segment 5: paddr=000901d8 vaddr=50000000 size=0001ch (    28) load[0m
[0;32mI (200) boot: Loaded app from partition at offset 0x10000[0m
[0;32mI (200) boot: Disabling RNG early entropy source...[0m
[0;32mI (210) cpu_start: Multicore app[0m
[0;32mI (219) cpu_start: Pro cpu start user code[0m
[0;32mI (219) cpu_start: cpu freq: 160000000 Hz[0m
[0;32mI (219) app_init: Application information:[0m
[0;32mI (219) app_init: Project name:     esp32_dev_template[0m
[0;32mI (224) app_init: App version:      ce40700[0m
[0;32mI (228) app_init: Compile time:     Apr 29 2026 14:39:56[0m
[0;32mI (233) app_init: ELF file SHA256:  b972dcfe1...[0m
[0;32mI (237) app_init: ESP-IDF:          v5.4.3[0m
[0;32mI (241) efuse_init: Min chip rev:     v0.0[0m
[0;32mI (245) efuse_init: Max chip rev:     v0.99 [0m
[0;32mI (249) efuse_init: Chip rev:         v0.2[0m
[0;32mI (253) heap_init: Initializing. RAM available for dynamic allocation:[0m
[0;32mI (259) heap_init: At 3FC9FA40 len 00049CD0 (295 KiB): RAM[0m
[0;32mI (264) heap_init: At 3FCE9710 len 00005724 (21 KiB): RAM[0m
[0;32mI (269) heap_init: At 3FCF0000 len 00008000 (32 KiB): DRAM[0m
[0;32mI (274) heap_init: At 600FE000 len 00001FE8 (7 KiB): RTCRAM[0m
[0;32mI (281) spi_flash: detected chip: boya[0m
[0;32mI (283) spi_flash: flash io: dio[0m
[0;33mW (286) spi_flash: Detected size(16384k) larger than the size in the binary image header(2048k). Using the size in the binary image header.[0m
[0;32mI (299) sleep_gpio: Configure to isolate all GPIO pins in sleep state[0m
[0;32mI (305) sleep_gpio: Enable automatic switching of GPIO sleep configuration[0m
[0;32mI (311) coexist: coex firmware version: b0bcc39[0m
[0;32mI (330) coexist: coexist rom version e7ae62f[0m
[0;32mI (331) main_task: Started on CPU0[0m
[0;32mI (341) main_task: Calling app_main()[0m
ESP32 Starter Project
Guru Meditation Error: Core  0 panic'ed (LoadProhibited). Exception was unhandled.

Core  0 register dump:
PC      : 0x4200c874  PS      : 0x00060e30  A0      : 0x8200c89e  A1      : 0x3fca3550  
A2      : 0x00000001  A3      : 0x3fca49e8  A4      : 0x00000000  A5      : 0x00000006  
A6      : 0x00000000  A7      : 0x3fca4964  A8      : 0x00000000  A9      : 0x3fca3510  
A10     : 0x3fc9dd5c  A11     : 0x00000001  A12     : 0x00000006  A13     : 0x00000000  
A14     : 0x3fca4b98  A15     : 0x3fca34e0  SAR     : 0x0000001e  EXCCAUSE: 0x0000001c  
EXCVADDR: 0x00000044  LBEG    : 0x400570e8  LEND    : 0x400570f3  LCOUNT  : 0x00000000  


Backtrace: 0x4200c871:0x3fca3550 0x4200c89b:0x3fca3570 0x42014187:0x3fca3590 0x4200c30b:0x3fca35b0 0x4200b72d:0x3fca35d0 0x4200b64d:0x3fca3600 0x42051563:0x3fca3620 0x403813c1:0x3fca3650




ELF file SHA256: b972dcfe1

Rebooting...
ESP-ROM:esp32s3-20210327
Build:Mar 27 2021
rst:0xc (RTC_SW_CPU_RST),boot:0x8 (SPI_FAST_FLASH_BOOT)
Saved PC:0x40375b2c
SPIWP:0xee
mode:DIO, clock div:1
load:0x3fce2810,len:0x1564
load:0x403c8700,len:0x4
load:0x403c8704,len:0xd24
load:0x403cb700,len:0x2ed4
entry 0x403c8928
[0;32mI (31) boot: ESP-IDF v5.4.3 2nd stage bootloader[0m
[0;32mI (31) boot: compile time Apr 29 2026 14:08:12[0m
[0;32mI (31) boot: Multicore bootloader[0m
[0;32mI (31) boot: chip revision: v0.2[0m
[0;32mI (34) boot: efuse block revision: v1.3[0m
[0;32mI (38) boot.esp32s3: Boot SPI Speed : 80MHz[0m
[0;32mI (42) boot.esp32s3: SPI Mode       : DIO[0m
[0;32mI (45) boot.esp32s3: SPI Flash Size : 2MB[0m
[0;32mI (49) boot: Enabling RNG early entropy source...[0m
[0;32mI (54) boot: Partition Table:[0m
[0;32mI (56) boot: ## Label            Usage          Type ST Offset   Length[0m
[0;32mI (63) boot:  0 nvs              WiFi data        01 02 00009000 00006000[0m
[0;32mI (69) boot:  1 phy_init         RF data          01 01 0000f000 00001000[0m
[0;32mI (76) boot:  2 factory          factory app      00 00 00010000 00100000[0m
[0;32mI (82) boot: End of partition table[0m
[0;32mI (85) esp_image: segment 0: paddr=00010020 vaddr=3c060020 size=14b4ch ( 84812) map[0m
[0;32mI (108) esp_image: segment 1: paddr=00024b74 vaddr=3fc99600 size=03f84h ( 16260) load[0m
[0;32mI (111) esp_image: segment 2: paddr=00028b00 vaddr=40374000 size=07518h ( 29976) load[0m
[0;32mI (118) esp_image: segment 3: paddr=00030020 vaddr=42000020 size=52118h (336152) map[0m
[0;32mI (178) esp_image: segment 4: paddr=00082140 vaddr=4037b518 size=0e090h ( 57488) load[0m
[0;32mI (191) esp_image: segment 5: paddr=000901d8 vaddr=50000000 size=0001ch (    28) load[0m
[0;32mI (200) boot: Loaded app from partition at offset 0x10000[0m
[0;32mI (200) boot: Disabling RNG early entropy source...[0m
[0;32mI (210) cpu_start: Multicore app[0m
[0;32mI (219) cpu_start: Pro cpu start user code[0m
[0;32mI (219) cpu_start: cpu freq: 160000000 Hz[0m
[0;32mI (219) app_init: Application information:[0m
[0;32mI (219) app_init: Project name:     esp32_dev_template[0m
[0;32mI (224) app_init: App version:      ce40700[0m
[0;32mI (228) app_init: Compile time:     Apr 29 2026 14:39:56[0m
[0;32mI (233) app_init: ELF file SHA256:  b972dcfe1...[0m
[0;32mI (237) app_init: ESP-IDF:          v5.4.3[0m
[0;32mI (241) efuse_init: Min chip rev:     v0.0[0m
[0;32mI (245) efuse_init: Max chip rev:     v0.99 [0m
[0;32mI (249) efuse_init: Chip rev:         v0.2[0m
[0;32mI (253) heap_init: Initializing. RAM available for dynamic allocation:[0m
[0;32mI (259) heap_init: At 3FC9FA40 len 00049CD0 (295 KiB): RAM[0m
[0;32mI (264) heap_init: At 3FCE9710 len 00005724 (21 KiB): RAM[0m
[0;32mI (269) heap_init: At 3FCF0000 len 00008000 (32 KiB): DRAM[0m
[0;32mI (274) heap_init: At 600FE000 len 00001FE8 (7 KiB): RTCRAM[0m
[0;32mI (281) spi_flash: detected chip: boya[0m
[0;32mI (283) spi_flash: flash io: dio[0m
[0;33mW (286) spi_flash: Detected size(16384k) larger than the size in the binary image header(2048k). Using the size in the binary image header.[0m
[0;32mI (299) sleep_gpio: Configure to isolate all GPIO pins in sleep state[0m
[0;32mI (305) sleep_gpio: Enable automatic switching of GPIO sleep configuration[0m
[0;32mI (311) coexist: coex firmware version: b0bcc39[0m
[0;32mI (330) coexist: coexist rom version e7ae62f[0m
[0;32mI (331) main_task: Started on CPU0[0m
[0;32mI (341) main_task: Calling app_main()[0m
ESP32 Starter Project
Guru Meditation Error: Core  0 panic'ed (LoadProhibited). Exception was unhandled.

Core  0 register dump:
PC      : 0x4200c874  PS      : 0x00060e30  A0      : 0x8200c89e  A1      : 0x3fca3550  
A2      : 0x00000001  A3      : 0x3fca49e8  A4      : 0x00000000  A5      : 0x00000006  
A6      : 0x00000000  A7      : 0x3fca4964  A8      : 0x00000000  A9      : 0x3fca3510  
A10     : 0x3fc9dd5c  A11     : 0x00000001  A12     : 0x00000006  A13     : 0x00000000  
A14     : 0x3fca4b98  A15     : 0x3fca34e0  SAR     : 0x0000001e  EXCCAUSE: 0x0000001c  
EXCVADDR: 0x00000044  LBEG    : 0x400570e8  LEND    : 0x400570f3  LCOUNT  : 0x00000000  


Backtrace: 0x4200c871:0x3fca3550 0x4200c89b:0x3fca3570 0x42014187:0x3fca3590 0x4200c30b:0x3fca35b0 0x4200b72d:0x3fca35d0 0x4200b64d:0x3fca3600 0x42051563:0x3fca3620 0x403813c1:0x3fca3650




ELF file SHA256: b972dcfe1

Rebooting...
ESP-ROM:esp32s3-20210327
Build:Mar 27 2021
rst:0xc (RTC_SW_CPU_RST),boot:0x8 (SPI_FAST_FLASH_BOOT)
Saved PC:0x40375b2c
SPIWP:0xee
mode:DIO, clock div:1
load:0x3fce2810,len:0x1564
load:0x403c8700,len:0x4
load:0x403c8704,len:0xd24
load:0x403cb700,len:0x2ed4
entry 0x403c8928
[0;32mI (31) boot: ESP-IDF v5.4.3 2nd stage bootloader[0m
[0;32mI (31) boot: compile time Apr 29 2026 14:08:12[0m
[0;32mI (31) boot: Multicore bootloader[0m
[0;32mI (31) boot: chip revision: v0.2[0m
[0;32mI (34) boot: efuse block revision: v1.3[0m
[0;32mI (38) boot.esp32s3: Boot SPI Speed : 80MHz[0m
[0;32mI (42) boot.esp32s3: SPI Mode       : DIO[0m
[0;32mI (45) boot.esp32s3: SPI Flash Size : 2MB[0m
[0;32mI (49) boot: Enabling RNG early entropy source...[0m
[0;32mI (54) boot: Partition Table:[0m
[0;32mI (56) boot: ## Label            Usage          Type ST Offset   Length[0m
[0;32mI (63) boot:  0 nvs              WiFi data        01 02 00009000 00006000[0m
[0;32mI (69) boot:  1 phy_init         RF data          01 01 0000f000 00001000[0m
[0;32mI (76) boot:  2 factory          factory app      00 00 00010000 00100000[0m
[0;32mI (82) boot: End of partition table[0m
[0;32mI (85) esp_image: segment 0: paddr=00010020 vaddr=3c060020 size=14b4ch ( 84812) map[0m
[0;32mI (108) esp_image: segment 1: paddr=00024b74 vaddr=3fc99600 size=03f84h ( 16260) load[0m
[0;32mI (111) esp_image: segment 2: paddr=00028b00 vaddr=40374000 size=07518h ( 29976) load[0m
[0;32mI (118) esp_image: segment 3: paddr=00030020 vaddr=42000020 size=52118h (336152) map[0m
[0;32mI (178) esp_image: segment 4: paddr=00082140 vaddr=4037b518 size=0e090h ( 57488) load[0m
[0;32mI (191) esp_image: segment 5: paddr=000901d8 vaddr=50000000 size=0001ch (    28) load[0m
[0;32mI (200) boot: Loaded app from partition at offset 0x10000[0m
[0;32mI (200) boot: Disabling RNG early entropy source...[0m
[0;32mI (210) cpu_start: Multicore app[0m
[0;32mI (219) cpu_start: Pro cpu start user code[0m
[0;32mI (219) cpu_start: cpu freq: 160000000 Hz[0m
[0;32mI (219) app_init: Application information:[0m
[0;32mI (219) app_init: Project name:     esp32_dev_template[0m
[0;32mI (224) app_init: App version:      ce40700[0m
